<!doctype html public "-//w3c//dtd html 4.0 transitional//en">
<html><head>
<title>Static Call Graph - [code_full\code_full.axf]</title></head>
<body><HR>
<H1>Static Call Graph for image code_full\code_full.axf</H1><HR>
<BR><P>#&#060CALLGRAPH&#062# ARM Linker, 5060960: Last Updated: Fri Apr 04 13:47:43 2025
<BR><P>
<H3>Maximum Stack Usage =        936 bytes + Unknown(Functions without stacksize, Cycles, Untraceable Function Pointers)</H3><H3>
Call chain for Maximum Stack Depth:</H3>
touchgfx::TextArea::draw(const touchgfx::Rect&) const &rArr; touchgfx::LCD::drawString(touchgfx::Rect, const touchgfx::Rect&, const touchgfx::LCD::StringVisuals&, const unsigned short*, ...) &rArr; touchgfx::LCD::drawStringLTR(const touchgfx::Rect&, const touchgfx::Rect&, const touchgfx::LCD::StringVisuals&, const unsigned short*, std::__va_list) &rArr; touchgfx::LCD::drawStringInternal(unsigned short*, const touchgfx::Rect*, short, short, const touchgfx::Rect&, const touchgfx::LCD::StringVisuals*, unsigned char, touchgfx::TextProvider&, int, bool) &rArr; touchgfx::TextProvider::getNextLigature(unsigned char, const touchgfx::Font*, const touchgfx::GlyphNode*&, const unsigned char*&, unsigned char&) &rArr; touchgfx::TextProvider::getNextLigature(unsigned char) &rArr; touchgfx::TextProvider::substituteGlyphs() &rArr; touchgfx::TextProvider::applyGsubRules(const unsigned short*, unsigned short) &rArr; touchgfx::TextProvider::replaceInputCharacters(unsigned short, unsigned short, const unsigned short*) &rArr; touchgfx::TextProvider::fillInputBuffer() &rArr; abort &rArr; __rt_SIGABRT &rArr; __rt_SIGABRT_inner &rArr; __default_signal_display &rArr; _ttywrch
<P>
<H3>
Functions with no stack information
</H3><UL>
 <LI><a href="#[18c]">__user_initial_stackheap</a>
</UL>
</UL>
<P>
<H3>
Mutually Recursive functions
</H3> <LI><a href="#[2b]">ADC1_IRQHandler</a>&nbsp;&nbsp;&nbsp;&rArr;&nbsp;&nbsp;&nbsp;<a href="#[2b]">ADC1_IRQHandler</a><BR>
 <LI><a href="#[13]">BusFault_Handler</a>&nbsp;&nbsp;&nbsp;&rArr;&nbsp;&nbsp;&nbsp;<a href="#[13]">BusFault_Handler</a><BR>
 <LI><a href="#[11]">HardFault_Handler</a>&nbsp;&nbsp;&nbsp;&rArr;&nbsp;&nbsp;&nbsp;<a href="#[11]">HardFault_Handler</a><BR>
 <LI><a href="#[12]">MemManage_Handler</a>&nbsp;&nbsp;&nbsp;&rArr;&nbsp;&nbsp;&nbsp;<a href="#[12]">MemManage_Handler</a><BR>
 <LI><a href="#[79]">StartDefaultTask</a>&nbsp;&nbsp;&nbsp;&rArr;&nbsp;&nbsp;&nbsp;<a href="#[79]">StartDefaultTask</a><BR>
 <LI><a href="#[14]">UsageFault_Handler</a>&nbsp;&nbsp;&nbsp;&rArr;&nbsp;&nbsp;&nbsp;<a href="#[14]">UsageFault_Handler</a><BR>
 <LI><a href="#[29c]">touchgfx::CWRVectorRenderer::StrokeCanvas::strokeDrawLineJoinRound(float, float, float, float, float, float, int)</a>&nbsp;&nbsp;&nbsp;&rArr;&nbsp;&nbsp;&nbsp;<a href="#[29c]">touchgfx::CWRVectorRenderer::StrokeCanvas::strokeDrawLineJoinRound(float, float, float, float, float, float, int)</a><BR>
 <LI><a href="#[2c6]">touchgfx::Canvas::recursiveQuadraticBezier(float, float, float, float, float, float, unsigned)</a>&nbsp;&nbsp;&nbsp;&rArr;&nbsp;&nbsp;&nbsp;<a href="#[2c6]">touchgfx::Canvas::recursiveQuadraticBezier(float, float, float, float, float, float, unsigned)</a><BR>
 <LI><a href="#[2c2]">touchgfx::Canvas::recursiveCubicBezier(float, float, float, float, float, float, float, float, unsigned)</a>&nbsp;&nbsp;&nbsp;&rArr;&nbsp;&nbsp;&nbsp;<a href="#[2c2]">touchgfx::Canvas::recursiveCubicBezier(float, float, float, float, float, float, float, float, unsigned)</a><BR>
 <LI><a href="#[2d5]">touchgfx::Screen::JSMOC(const touchgfx::Rect&, touchgfx::Drawable*)</a>&nbsp;&nbsp;&nbsp;&rArr;&nbsp;&nbsp;&nbsp;<a href="#[2d5]">touchgfx::Screen::JSMOC(const touchgfx::Rect&, touchgfx::Drawable*)</a><BR>
</UL>
<P>
<H3>
Function Pointers
</H3><UL>
 <LI><a href="#[2b]">ADC1_IRQHandler</a> from startup_stm32l4r7xx.o(.text) referenced from startup_stm32l4r7xx.o(RESET)
 <LI><a href="#[13]">BusFault_Handler</a> from stm32l4xx_it.o(i.BusFault_Handler) referenced from startup_stm32l4r7xx.o(RESET)
 <LI><a href="#[2d]">CAN1_RX0_IRQHandler</a> from startup_stm32l4r7xx.o(.text) referenced from startup_stm32l4r7xx.o(RESET)
 <LI><a href="#[2e]">CAN1_RX1_IRQHandler</a> from startup_stm32l4r7xx.o(.text) referenced from startup_stm32l4r7xx.o(RESET)
 <LI><a href="#[2f]">CAN1_SCE_IRQHandler</a> from startup_stm32l4r7xx.o(.text) referenced from startup_stm32l4r7xx.o(RESET)
 <LI><a href="#[2c]">CAN1_TX_IRQHandler</a> from startup_stm32l4r7xx.o(.text) referenced from startup_stm32l4r7xx.o(RESET)
 <LI><a href="#[58]">COMP_IRQHandler</a> from startup_stm32l4r7xx.o(.text) referenced from startup_stm32l4r7xx.o(RESET)
 <LI><a href="#[68]">CRS_IRQHandler</a> from startup_stm32l4r7xx.o(.text) referenced from startup_stm32l4r7xx.o(RESET)
 <LI><a href="#[6b]">DCMI_IRQHandler</a> from startup_stm32l4r7xx.o(.text) referenced from startup_stm32l4r7xx.o(RESET)
 <LI><a href="#[55]">DFSDM1_FLT0_IRQHandler</a> from startup_stm32l4r7xx.o(.text) referenced from startup_stm32l4r7xx.o(RESET)
 <LI><a href="#[56]">DFSDM1_FLT1_IRQHandler</a> from startup_stm32l4r7xx.o(.text) referenced from startup_stm32l4r7xx.o(RESET)
 <LI><a href="#[57]">DFSDM1_FLT2_IRQHandler</a> from startup_stm32l4r7xx.o(.text) referenced from startup_stm32l4r7xx.o(RESET)
 <LI><a href="#[43]">DFSDM1_FLT3_IRQHandler</a> from startup_stm32l4r7xx.o(.text) referenced from startup_stm32l4r7xx.o(RESET)
 <LI><a href="#[24]">DMA1_Channel1_IRQHandler</a> from startup_stm32l4r7xx.o(.text) referenced from startup_stm32l4r7xx.o(RESET)
 <LI><a href="#[25]">DMA1_Channel2_IRQHandler</a> from startup_stm32l4r7xx.o(.text) referenced from startup_stm32l4r7xx.o(RESET)
 <LI><a href="#[26]">DMA1_Channel3_IRQHandler</a> from startup_stm32l4r7xx.o(.text) referenced from startup_stm32l4r7xx.o(RESET)
 <LI><a href="#[27]">DMA1_Channel4_IRQHandler</a> from startup_stm32l4r7xx.o(.text) referenced from startup_stm32l4r7xx.o(RESET)
 <LI><a href="#[28]">DMA1_Channel5_IRQHandler</a> from startup_stm32l4r7xx.o(.text) referenced from startup_stm32l4r7xx.o(RESET)
 <LI><a href="#[29]">DMA1_Channel6_IRQHandler</a> from startup_stm32l4r7xx.o(.text) referenced from startup_stm32l4r7xx.o(RESET)
 <LI><a href="#[2a]">DMA1_Channel7_IRQHandler</a> from startup_stm32l4r7xx.o(.text) referenced from startup_stm32l4r7xx.o(RESET)
 <LI><a href="#[6c]">DMA2D_IRQHandler</a> from stm32dma.o(i.DMA2D_IRQHandler) referenced from startup_stm32l4r7xx.o(RESET)
 <LI><a href="#[50]">DMA2_Channel1_IRQHandler</a> from startup_stm32l4r7xx.o(.text) referenced from startup_stm32l4r7xx.o(RESET)
 <LI><a href="#[51]">DMA2_Channel2_IRQHandler</a> from startup_stm32l4r7xx.o(.text) referenced from startup_stm32l4r7xx.o(RESET)
 <LI><a href="#[52]">DMA2_Channel3_IRQHandler</a> from startup_stm32l4r7xx.o(.text) referenced from startup_stm32l4r7xx.o(RESET)
 <LI><a href="#[53]">DMA2_Channel4_IRQHandler</a> from startup_stm32l4r7xx.o(.text) referenced from startup_stm32l4r7xx.o(RESET)
 <LI><a href="#[54]">DMA2_Channel5_IRQHandler</a> from startup_stm32l4r7xx.o(.text) referenced from startup_stm32l4r7xx.o(RESET)
 <LI><a href="#[5c]">DMA2_Channel6_IRQHandler</a> from startup_stm32l4r7xx.o(.text) referenced from startup_stm32l4r7xx.o(RESET)
 <LI><a href="#[5d]">DMA2_Channel7_IRQHandler</a> from startup_stm32l4r7xx.o(.text) referenced from startup_stm32l4r7xx.o(RESET)
 <LI><a href="#[70]">DMAMUX1_OVR_IRQHandler</a> from startup_stm32l4r7xx.o(.text) referenced from startup_stm32l4r7xx.o(RESET)
 <LI><a href="#[16]">DebugMon_Handler</a> from stm32l4xx_it.o(i.DebugMon_Handler) referenced from startup_stm32l4r7xx.o(RESET)
 <LI><a href="#[1f]">EXTI0_IRQHandler</a> from startup_stm32l4r7xx.o(.text) referenced from startup_stm32l4r7xx.o(RESET)
 <LI><a href="#[41]">EXTI15_10_IRQHandler</a> from startup_stm32l4r7xx.o(.text) referenced from startup_stm32l4r7xx.o(RESET)
 <LI><a href="#[20]">EXTI1_IRQHandler</a> from startup_stm32l4r7xx.o(.text) referenced from startup_stm32l4r7xx.o(RESET)
 <LI><a href="#[21]">EXTI2_IRQHandler</a> from startup_stm32l4r7xx.o(.text) referenced from startup_stm32l4r7xx.o(RESET)
 <LI><a href="#[22]">EXTI3_IRQHandler</a> from startup_stm32l4r7xx.o(.text) referenced from startup_stm32l4r7xx.o(RESET)
 <LI><a href="#[23]">EXTI4_IRQHandler</a> from startup_stm32l4r7xx.o(.text) referenced from startup_stm32l4r7xx.o(RESET)
 <LI><a href="#[30]">EXTI9_5_IRQHandler</a> from startup_stm32l4r7xx.o(.text) referenced from startup_stm32l4r7xx.o(RESET)
 <LI><a href="#[1d]">FLASH_IRQHandler</a> from startup_stm32l4r7xx.o(.text) referenced from startup_stm32l4r7xx.o(RESET)
 <LI><a href="#[48]">FMC_IRQHandler</a> from startup_stm32l4r7xx.o(.text) referenced from startup_stm32l4r7xx.o(RESET)
 <LI><a href="#[67]">FPU_IRQHandler</a> from stm32l4xx_it.o(i.FPU_IRQHandler) referenced from startup_stm32l4r7xx.o(RESET)
 <LI><a href="#[6f]">GFXMMU_IRQHandler</a> from stm32l4xx_it.o(i.GFXMMU_IRQHandler) referenced from startup_stm32l4r7xx.o(RESET)
 <LI><a href="#[11]">HardFault_Handler</a> from stm32l4xx_it.o(i.HardFault_Handler) referenced from startup_stm32l4r7xx.o(RESET)
 <LI><a href="#[39]">I2C1_ER_IRQHandler</a> from stm32l4xx_it.o(i.I2C1_ER_IRQHandler) referenced from startup_stm32l4r7xx.o(RESET)
 <LI><a href="#[38]">I2C1_EV_IRQHandler</a> from stm32l4xx_it.o(i.I2C1_EV_IRQHandler) referenced from startup_stm32l4r7xx.o(RESET)
 <LI><a href="#[3b]">I2C2_ER_IRQHandler</a> from startup_stm32l4r7xx.o(.text) referenced from startup_stm32l4r7xx.o(RESET)
 <LI><a href="#[3a]">I2C2_EV_IRQHandler</a> from startup_stm32l4r7xx.o(.text) referenced from startup_stm32l4r7xx.o(RESET)
 <LI><a href="#[61]">I2C3_ER_IRQHandler</a> from stm32l4xx_it.o(i.I2C3_ER_IRQHandler) referenced from startup_stm32l4r7xx.o(RESET)
 <LI><a href="#[60]">I2C3_EV_IRQHandler</a> from stm32l4xx_it.o(i.I2C3_EV_IRQHandler) referenced from startup_stm32l4r7xx.o(RESET)
 <LI><a href="#[69]">I2C4_ER_IRQHandler</a> from startup_stm32l4r7xx.o(.text) referenced from startup_stm32l4r7xx.o(RESET)
 <LI><a href="#[6a]">I2C4_EV_IRQHandler</a> from startup_stm32l4r7xx.o(.text) referenced from startup_stm32l4r7xx.o(RESET)
 <LI><a href="#[77]">I2C_DMAAbort</a> from stm32l4xx_hal_i2c.o(i.I2C_DMAAbort) referenced from stm32l4xx_hal_i2c.o(i.I2C_ITError)
 <LI><a href="#[78]">I2C_Slave_ISR_IT</a> from stm32l4xx_hal_i2c.o(i.I2C_Slave_ISR_IT) referenced from stm32l4xx_hal_i2c.o(i.I2C_ITError)
 <LI><a href="#[59]">LPTIM1_IRQHandler</a> from startup_stm32l4r7xx.o(.text) referenced from startup_stm32l4r7xx.o(RESET)
 <LI><a href="#[5a]">LPTIM2_IRQHandler</a> from startup_stm32l4r7xx.o(.text) referenced from startup_stm32l4r7xx.o(RESET)
 <LI><a href="#[5e]">LPUART1_IRQHandler</a> from startup_stm32l4r7xx.o(.text) referenced from startup_stm32l4r7xx.o(RESET)
 <LI><a href="#[6e]">LTDC_ER_IRQHandler</a> from stm32l4xx_it.o(i.LTDC_ER_IRQHandler) referenced from startup_stm32l4r7xx.o(RESET)
 <LI><a href="#[6d]">LTDC_IRQHandler</a> from stm32l4xx_it.o(i.LTDC_IRQHandler) referenced from startup_stm32l4r7xx.o(RESET)
 <LI><a href="#[12]">MemManage_Handler</a> from stm32l4xx_it.o(i.MemManage_Handler) referenced from startup_stm32l4r7xx.o(RESET)
 <LI><a href="#[10]">NMI_Handler</a> from stm32l4xx_it.o(i.NMI_Handler) referenced from startup_stm32l4r7xx.o(RESET)
 <LI><a href="#[5f]">OCTOSPI1_IRQHandler</a> from stm32l4xx_it.o(i.OCTOSPI1_IRQHandler) referenced from startup_stm32l4r7xx.o(RESET)
 <LI><a href="#[64]">OCTOSPI2_IRQHandler</a> from stm32l4xx_it.o(i.OCTOSPI2_IRQHandler) referenced from startup_stm32l4r7xx.o(RESET)
 <LI><a href="#[75]">OSPI_DMAAbortCplt</a> from stm32l4xx_hal_ospi.o(i.OSPI_DMAAbortCplt) referenced from stm32l4xx_hal_ospi.o(i.HAL_OSPI_IRQHandler)
 <LI><a href="#[5b]">OTG_FS_IRQHandler</a> from startup_stm32l4r7xx.o(.text) referenced from startup_stm32l4r7xx.o(RESET)
 <LI><a href="#[1a]">PVD_PVM_IRQHandler</a> from startup_stm32l4r7xx.o(.text) referenced from startup_stm32l4r7xx.o(RESET)
 <LI><a href="#[17]">PendSV_Handler</a> from port.o(.emb_text) referenced from startup_stm32l4r7xx.o(RESET)
 <LI><a href="#[1e]">RCC_IRQHandler</a> from startup_stm32l4r7xx.o(.text) referenced from startup_stm32l4r7xx.o(RESET)
 <LI><a href="#[66]">RNG_IRQHandler</a> from startup_stm32l4r7xx.o(.text) referenced from startup_stm32l4r7xx.o(RESET)
 <LI><a href="#[42]">RTC_Alarm_IRQHandler</a> from startup_stm32l4r7xx.o(.text) referenced from startup_stm32l4r7xx.o(RESET)
 <LI><a href="#[1c]">RTC_WKUP_IRQHandler</a> from startup_stm32l4r7xx.o(.text) referenced from startup_stm32l4r7xx.o(RESET)
 <LI><a href="#[f]">Reset_Handler</a> from startup_stm32l4r7xx.o(.text) referenced from startup_stm32l4r7xx.o(RESET)
 <LI><a href="#[62]">SAI1_IRQHandler</a> from startup_stm32l4r7xx.o(.text) referenced from startup_stm32l4r7xx.o(RESET)
 <LI><a href="#[63]">SAI2_IRQHandler</a> from startup_stm32l4r7xx.o(.text) referenced from startup_stm32l4r7xx.o(RESET)
 <LI><a href="#[49]">SDMMC1_IRQHandler</a> from startup_stm32l4r7xx.o(.text) referenced from startup_stm32l4r7xx.o(RESET)
 <LI><a href="#[3c]">SPI1_IRQHandler</a> from startup_stm32l4r7xx.o(.text) referenced from startup_stm32l4r7xx.o(RESET)
 <LI><a href="#[3d]">SPI2_IRQHandler</a> from startup_stm32l4r7xx.o(.text) referenced from startup_stm32l4r7xx.o(RESET)
 <LI><a href="#[4b]">SPI3_IRQHandler</a> from startup_stm32l4r7xx.o(.text) referenced from startup_stm32l4r7xx.o(RESET)
 <LI><a href="#[15]">SVC_Handler</a> from port.o(.emb_text) referenced from startup_stm32l4r7xx.o(RESET)
 <LI><a href="#[79]">StartDefaultTask</a> from freertos.o(i.StartDefaultTask) referenced from freertos.o(i.MX_FREERTOS_Init)
 <LI><a href="#[18]">SysTick_Handler</a> from cmsis_os2.o(i.SysTick_Handler) referenced from startup_stm32l4r7xx.o(RESET)
 <LI><a href="#[71]">SystemInit</a> from system_stm32l4xx.o(i.SystemInit) referenced from startup_stm32l4r7xx.o(.text)
 <LI><a href="#[1b]">TAMP_STAMP_IRQHandler</a> from startup_stm32l4r7xx.o(.text) referenced from startup_stm32l4r7xx.o(RESET)
 <LI><a href="#[31]">TIM1_BRK_TIM15_IRQHandler</a> from startup_stm32l4r7xx.o(.text) referenced from startup_stm32l4r7xx.o(RESET)
 <LI><a href="#[34]">TIM1_CC_IRQHandler</a> from startup_stm32l4r7xx.o(.text) referenced from startup_stm32l4r7xx.o(RESET)
 <LI><a href="#[33]">TIM1_TRG_COM_TIM17_IRQHandler</a> from startup_stm32l4r7xx.o(.text) referenced from startup_stm32l4r7xx.o(RESET)
 <LI><a href="#[32]">TIM1_UP_TIM16_IRQHandler</a> from stm32l4xx_it.o(i.TIM1_UP_TIM16_IRQHandler) referenced from startup_stm32l4r7xx.o(RESET)
 <LI><a href="#[35]">TIM2_IRQHandler</a> from stm32l4xx_it.o(i.TIM2_IRQHandler) referenced from startup_stm32l4r7xx.o(RESET)
 <LI><a href="#[36]">TIM3_IRQHandler</a> from stm32l4xx_it.o(i.TIM3_IRQHandler) referenced from startup_stm32l4r7xx.o(RESET)
 <LI><a href="#[37]">TIM4_IRQHandler</a> from startup_stm32l4r7xx.o(.text) referenced from startup_stm32l4r7xx.o(RESET)
 <LI><a href="#[4a]">TIM5_IRQHandler</a> from startup_stm32l4r7xx.o(.text) referenced from startup_stm32l4r7xx.o(RESET)
 <LI><a href="#[4e]">TIM6_DAC_IRQHandler</a> from startup_stm32l4r7xx.o(.text) referenced from startup_stm32l4r7xx.o(RESET)
 <LI><a href="#[4f]">TIM7_IRQHandler</a> from startup_stm32l4r7xx.o(.text) referenced from startup_stm32l4r7xx.o(RESET)
 <LI><a href="#[44]">TIM8_BRK_IRQHandler</a> from startup_stm32l4r7xx.o(.text) referenced from startup_stm32l4r7xx.o(RESET)
 <LI><a href="#[47]">TIM8_CC_IRQHandler</a> from startup_stm32l4r7xx.o(.text) referenced from startup_stm32l4r7xx.o(RESET)
 <LI><a href="#[46]">TIM8_TRG_COM_IRQHandler</a> from startup_stm32l4r7xx.o(.text) referenced from startup_stm32l4r7xx.o(RESET)
 <LI><a href="#[45]">TIM8_UP_IRQHandler</a> from startup_stm32l4r7xx.o(.text) referenced from startup_stm32l4r7xx.o(RESET)
 <LI><a href="#[65]">TSC_IRQHandler</a> from startup_stm32l4r7xx.o(.text) referenced from startup_stm32l4r7xx.o(RESET)
 <LI><a href="#[4c]">UART4_IRQHandler</a> from startup_stm32l4r7xx.o(.text) referenced from startup_stm32l4r7xx.o(RESET)
 <LI><a href="#[4d]">UART5_IRQHandler</a> from startup_stm32l4r7xx.o(.text) referenced from startup_stm32l4r7xx.o(RESET)
 <LI><a href="#[76]">UART_DMAAbortOnError</a> from stm32l4xx_hal_uart.o(i.UART_DMAAbortOnError) referenced from stm32l4xx_hal_uart.o(i.HAL_UART_IRQHandler)
 <LI><a href="#[3e]">USART1_IRQHandler</a> from stm32l4xx_it.o(i.USART1_IRQHandler) referenced from startup_stm32l4r7xx.o(RESET)
 <LI><a href="#[3f]">USART2_IRQHandler</a> from startup_stm32l4r7xx.o(.text) referenced from startup_stm32l4r7xx.o(RESET)
 <LI><a href="#[40]">USART3_IRQHandler</a> from startup_stm32l4r7xx.o(.text) referenced from startup_stm32l4r7xx.o(RESET)
 <LI><a href="#[14]">UsageFault_Handler</a> from stm32l4xx_it.o(i.UsageFault_Handler) referenced from startup_stm32l4r7xx.o(RESET)
 <LI><a href="#[19]">WWDG_IRQHandler</a> from startup_stm32l4r7xx.o(.text) referenced from startup_stm32l4r7xx.o(RESET)
 <LI><a href="#[ab]">screenView::setupScreen()</a> from screenview.o(i._ZN10screenView11setupScreenEv) referenced from screenview.o(.constdata__ZTV10screenView)
 <LI><a href="#[ac]">screenView::tearDownScreen()</a> from screenview.o(i._ZN10screenView14tearDownScreenEv) referenced from screenview.o(.constdata__ZTV10screenView)
 <LI><a href="#[a9]">screenView::~screenView()</a> from screenview.o(i._ZN10screenViewD1Ev) referenced from screenview.o(.constdata__ZTV10screenView)
 <LI><a href="#[ae]">TouchGFXHAL::initialize()</a> from touchgfxhal.o(i._ZN11TouchGFXHAL10initializeEv) referenced from touchgfxhal.o(.constdata__ZTV11TouchGFXHAL)
 <LI><a href="#[ba]">TouchGFXHAL::enableInterrupts()</a> from touchgfxhal.o(i._ZN11TouchGFXHAL16enableInterruptsEv) referenced from touchgfxhal.o(.constdata__ZTV11TouchGFXHAL)
 <LI><a href="#[bb]">TouchGFXHAL::disableInterrupts()</a> from touchgfxhal.o(i._ZN11TouchGFXHAL17disableInterruptsEv) referenced from touchgfxhal.o(.constdata__ZTV11TouchGFXHAL)
 <LI><a href="#[b9]">TouchGFXHAL::configureInterrupts()</a> from touchgfxhal.o(i._ZN11TouchGFXHAL19configureInterruptsEv) referenced from touchgfxhal.o(.constdata__ZTV11TouchGFXHAL)
 <LI><a href="#[a3]">TouchGFXHAL::~TouchGFXHAL()</a> from touchgfxhal.o(i._ZN11TouchGFXHALD1Ev) referenced from touchgfxhal.o(.constdata__ZTV11TouchGFXHAL)
 <LI><a href="#[a3]">TouchGFXHAL::~TouchGFXHAL()</a> from touchgfxhal.o(i._ZN11TouchGFXHALD1Ev) referenced from touchgfxconfiguration.o(i.__sti___25_TouchGFXConfiguration_cpp_f5abfd34)
 <LI><a href="#[a5]">FrontendHeap::~FrontendHeap()</a> from touchgfxconfiguration.o(i._ZN12FrontendHeapD1Ev) referenced from touchgfxconfiguration.o(.constdata__ZTV12FrontendHeap)
 <LI><a href="#[a5]">FrontendHeap::~FrontendHeap()</a> from touchgfxconfiguration.o(i._ZN12FrontendHeapD1Ev) referenced from touchgfxconfiguration.o(i.touchgfx_init)
 <LI><a href="#[c2]">screenViewBase::setupScreen()</a> from screenviewbase.o(i._ZN14screenViewBase11setupScreenEv) referenced from screenviewbase.o(.constdata__ZTV14screenViewBase)
 <LI><a href="#[c1]">screenViewBase::~screenViewBase()</a> from screenviewbase.o(i._ZN14screenViewBaseD1Ev) referenced from screenviewbase.o(.constdata__ZTV14screenViewBase)
 <LI><a href="#[c5]">screenPresenter::deactivate()</a> from screenpresenter.o(i._ZN15screenPresenter10deactivateEv) referenced from screenpresenter.o(.constdata__ZTV15screenPresenter)
 <LI><a href="#[c4]">screenPresenter::activate()</a> from screenpresenter.o(i._ZN15screenPresenter8activateEv) referenced from screenpresenter.o(.constdata__ZTV15screenPresenter)
 <LI><a href="#[c6]">screenPresenter::~screenPresenter()</a> from screenpresenter.o(i._ZN15screenPresenterD1Ev) referenced from screenpresenter.o(.constdata__ZTV15screenPresenter)
 <LI><a href="#[c9]">STM32TouchController::init()</a> from stm32touchcontroller.o(i._ZN20STM32TouchController4initEv) referenced from stm32touchcontroller.o(.constdata__ZTV20STM32TouchController)
 <LI><a href="#[9e]">STM32TouchController::~STM32TouchController()</a> from stm32touchcontroller.o(i._ZN20STM32TouchControllerD1Ev) referenced from stm32touchcontroller.o(.constdata__ZTV20STM32TouchController)
 <LI><a href="#[9e]">STM32TouchController::~STM32TouchController()</a> from stm32touchcontroller.o(i._ZN20STM32TouchControllerD1Ev) referenced from touchgfxconfiguration.o(i.__sti___25_TouchGFXConfiguration_cpp_f5abfd34)
 <LI><a href="#[be]">TouchGFXGeneratedHAL::getTFTCurrentLine()</a> from touchgfxgeneratedhal.o(i._ZN20TouchGFXGeneratedHAL17getTFTCurrentLineEv) referenced from touchgfxhal.o(.constdata__ZTV11TouchGFXHAL)
 <LI><a href="#[a2]">ApplicationFontProvider::~ApplicationFontProvider()</a> from touchgfxconfiguration.o(i._ZN23ApplicationFontProviderD1Ev) referenced from applicationfontprovider.o(.constdata__ZTV23ApplicationFontProvider)
 <LI><a href="#[a2]">ApplicationFontProvider::~ApplicationFontProvider()</a> from touchgfxconfiguration.o(i._ZN23ApplicationFontProviderD1Ev) referenced from touchgfxconfiguration.o(i.__sti___25_TouchGFXConfiguration_cpp_f5abfd34)
 <LI><a href="#[a8]">FrontendApplicationBase::gotoscreenScreenNoTransitionImpl()</a> from frontendapplicationbase.o(i._ZN23FrontendApplicationBase32gotoscreenScreenNoTransitionImplEv) referenced from frontendapplicationbase.o(.constdata)
 <LI><a href="#[ca]">FrontendApplicationBase::~FrontendApplicationBase()</a> from touchgfxconfiguration.o(i._ZN23FrontendApplicationBaseD1Ev) referenced from touchgfxconfiguration.o(.constdata__ZTV23FrontendApplicationBase)
 <LI><a href="#[cd]">STM32DMA::initialize()</a> from stm32dma.o(i._ZN8STM32DMA10initializeEv) referenced from stm32dma.o(.constdata__ZTV8STM32DMA)
 <LI><a href="#[cb]">STM32DMA::getBlitCaps()</a> from stm32dma.o(i._ZN8STM32DMA11getBlitCapsEv) referenced from stm32dma.o(.constdata__ZTV8STM32DMA)
 <LI><a href="#[d3]">STM32DMA::setupDataCopy(const touchgfx::BlitOp&)</a> from stm32dma.o(i._ZN8STM32DMA13setupDataCopyERKN8touchgfx6BlitOpE) referenced from stm32dma.o(.constdata__ZTV8STM32DMA)
 <LI><a href="#[d4]">STM32DMA::setupDataFill(const touchgfx::BlitOp&)</a> from stm32dma.o(i._ZN8STM32DMA13setupDataFillERKN8touchgfx6BlitOpE) referenced from stm32dma.o(.constdata__ZTV8STM32DMA)
 <LI><a href="#[cf]">STM32DMA::signalDMAInterrupt()</a> from stm32dma.o(i._ZN8STM32DMA18signalDMAInterruptEv) referenced from stm32dma.o(.constdata__ZTV8STM32DMA)
 <LI><a href="#[9f]">STM32DMA::~STM32DMA()</a> from stm32dma.o(i._ZN8STM32DMAD1Ev) referenced from stm32dma.o(.constdata__ZTV8STM32DMA)
 <LI><a href="#[9f]">STM32DMA::~STM32DMA()</a> from stm32dma.o(i._ZN8STM32DMAD1Ev) referenced from touchgfxconfiguration.o(i.__sti___25_TouchGFXConfiguration_cpp_f5abfd34)
 <LI><a href="#[e5]">touchgfx::Transition::invalidate()</a> from frontendapplicationbase.o(i._ZN8touchgfx10Transition10invalidateEv) referenced from frontendapplicationbase.o(.constdata__ZTVN8touchgfx12NoTransitionE)
 <LI><a href="#[e6]">touchgfx::Transition::setScreenContainer(touchgfx::Container&)</a> from frontendapplicationbase.o(i._ZN8touchgfx10Transition18setScreenContainerERNS_9ContainerE) referenced from frontendapplicationbase.o(.constdata__ZTVN8touchgfx12NoTransitionE)
 <LI><a href="#[e4]">touchgfx::Transition::init()</a> from frontendapplicationbase.o(i._ZN8touchgfx10Transition4initEv) referenced from frontendapplicationbase.o(.constdata__ZTVN8touchgfx12NoTransitionE)
 <LI><a href="#[e3]">touchgfx::Transition::tearDown()</a> from frontendapplicationbase.o(i._ZN8touchgfx10Transition8tearDownEv) referenced from frontendapplicationbase.o(.constdata__ZTVN8touchgfx12NoTransitionE)
 <LI><a href="#[c7]">touchgfx::Application::invalidate()</a> from application.o(i._ZN8touchgfx11Application10invalidateEv) referenced from frontendapplication.o(.constdata__ZTV19FrontendApplication)
 <LI><a href="#[c7]">touchgfx::Application::invalidate()</a> from application.o(i._ZN8touchgfx11Application10invalidateEv) referenced from touchgfxconfiguration.o(.constdata__ZTV23FrontendApplicationBase)
 <LI><a href="#[c7]">touchgfx::Application::invalidate()</a> from application.o(i._ZN8touchgfx11Application10invalidateEv) referenced from application.o(.constdata__ZTVN8touchgfx11ApplicationE)
 <LI><a href="#[c7]">touchgfx::Application::invalidate()</a> from application.o(i._ZN8touchgfx11Application10invalidateEv) referenced from frontendapplicationbase.o(.constdata__ZTVN8touchgfx14MVPApplicationE)
 <LI><a href="#[c8]">touchgfx::Application::invalidateArea(touchgfx::Rect)</a> from application.o(i._ZN8touchgfx11Application14invalidateAreaENS_4RectE) referenced from frontendapplication.o(.constdata__ZTV19FrontendApplication)
 <LI><a href="#[c8]">touchgfx::Application::invalidateArea(touchgfx::Rect)</a> from application.o(i._ZN8touchgfx11Application14invalidateAreaENS_4RectE) referenced from touchgfxconfiguration.o(.constdata__ZTV23FrontendApplicationBase)
 <LI><a href="#[c8]">touchgfx::Application::invalidateArea(touchgfx::Rect)</a> from application.o(i._ZN8touchgfx11Application14invalidateAreaENS_4RectE) referenced from application.o(.constdata__ZTVN8touchgfx11ApplicationE)
 <LI><a href="#[c8]">touchgfx::Application::invalidateArea(touchgfx::Rect)</a> from application.o(i._ZN8touchgfx11Application14invalidateAreaENS_4RectE) referenced from frontendapplicationbase.o(.constdata__ZTVN8touchgfx14MVPApplicationE)
 <LI><a href="#[e2]">touchgfx::NoTransition::~NoTransition()</a> from frontendapplicationbase.o(i._ZN8touchgfx12NoTransitionD1Ev) referenced from frontendapplicationbase.o(.constdata__ZTVN8touchgfx12NoTransitionE)
 <LI><a href="#[cc]">touchgfx::DMA_Interface::addToQueue(const touchgfx::BlitOp&)</a> from dma.o(i._ZN8touchgfx13DMA_Interface10addToQueueERKNS_6BlitOpE) referenced from stm32dma.o(.constdata__ZTV8STM32DMA)
 <LI><a href="#[d5]">touchgfx::DMA_Interface::enableAlpha(unsigned char)</a> from dma.o(i._ZN8touchgfx13DMA_Interface11enableAlphaEh) referenced from stm32dma.o(.constdata__ZTV8STM32DMA)
 <LI><a href="#[d6]">touchgfx::DMA_Interface::disableAlpha()</a> from dma.o(i._ZN8touchgfx13DMA_Interface12disableAlphaEv) referenced from stm32dma.o(.constdata__ZTV8STM32DMA)
 <LI><a href="#[d2]">touchgfx::DMA_Interface::seedExecution()</a> from dma.o(i._ZN8touchgfx13DMA_Interface13seedExecutionEv) referenced from stm32dma.o(.constdata__ZTV8STM32DMA)
 <LI><a href="#[d1]">touchgfx::DMA_Interface::executeCompleted()</a> from dma.o(i._ZN8touchgfx13DMA_Interface16executeCompletedEv) referenced from stm32dma.o(.constdata__ZTV8STM32DMA)
 <LI><a href="#[ce]">touchgfx::DMA_Interface::start()</a> from dma.o(i._ZN8touchgfx13DMA_Interface5startEv) referenced from stm32dma.o(.constdata__ZTV8STM32DMA)
 <LI><a href="#[d0]">touchgfx::DMA_Interface::execute()</a> from dma.o(i._ZN8touchgfx13DMA_Interface7executeEv) referenced from stm32dma.o(.constdata__ZTV8STM32DMA)
 <LI><a href="#[7a]">touchgfx::GeneratedFont::~GeneratedFont()</a> from generatedfont.o(i._ZN8touchgfx13GeneratedFontD1Ev) referenced from generatedfont.o(.constdata__ZTVN8touchgfx13GeneratedFontE)
 <LI><a href="#[7a]">touchgfx::GeneratedFont::~GeneratedFont()</a> from generatedfont.o(i._ZN8touchgfx13GeneratedFontD1Ev) referenced from table_verdana_10_4bpp.o(i._Z23getFont_verdana_10_4bppv)
 <LI><a href="#[7a]">touchgfx::GeneratedFont::~GeneratedFont()</a> from generatedfont.o(i._ZN8touchgfx13GeneratedFontD1Ev) referenced from table_verdana_20_4bpp.o(i._Z23getFont_verdana_20_4bppv)
 <LI><a href="#[7a]">touchgfx::GeneratedFont::~GeneratedFont()</a> from generatedfont.o(i._ZN8touchgfx13GeneratedFontD1Ev) referenced from table_verdana_40_4bpp.o(i._Z23getFont_verdana_40_4bppv)
 <LI><a href="#[103]">touchgfx::TextButtonStyle&lang;touchgfx::BoxWithBorderButtonStyle&lang;touchgfx::ClickButtonTrigger&rang;&rang;::handlePressedUpdated()</a> from screenviewbase.o(t._ZN8touchgfx15TextButtonStyleINS_24BoxWithBorderButtonStyleINS_18ClickButtonTriggerEEEE20handlePressedUpdatedEv) referenced from screenviewbase.o(.constdata__ZTVN8touchgfx15TextButtonStyleINS_24BoxWithBorderButtonStyleINS_18ClickButtonTriggerEEEEE)
 <LI><a href="#[fe]">touchgfx::TextButtonStyle&lang;touchgfx::BoxWithBorderButtonStyle&lang;touchgfx::ClickButtonTrigger&rang;&rang;::~TextButtonStyle()</a> from screenviewbase.o(i._ZN8touchgfx15TextButtonStyleINS_24BoxWithBorderButtonStyleINS_18ClickButtonTriggerEEEED1Ev) referenced from screenviewbase.o(.constdata__ZTVN8touchgfx15TextButtonStyleINS_24BoxWithBorderButtonStyleINS_18ClickButtonTriggerEEEEE)
 <LI><a href="#[104]">touchgfx::AbstractPartition::~AbstractPartition__sub_object()</a> from abstractpartition.o(i._ZN8touchgfx17AbstractPartitionD2Ev) referenced from abstractpartition.o(.constdata__ZTVN8touchgfx17AbstractPartitionE)
 <LI><a href="#[105]">touchgfx::CWRVectorRenderer::StrokeCanvas::lineTo(touchgfx::CWRUtil::Q5, touchgfx::CWRUtil::Q5)</a> from cwrvectorrenderer.o(i._ZN8touchgfx17CWRVectorRenderer12StrokeCanvas6lineToENS_7CWRUtil2Q5ES3_) referenced from cwrvectorrenderer.o(.constdata__ZTVN8touchgfx17CWRVectorRenderer12StrokeCanvasE)
 <LI><a href="#[10d]">touchgfx::CWRVectorRenderer::setTransformationMatrix(const touchgfx::Matrix3x3&)</a> from cwrvectorrenderer.o(i._ZN8touchgfx17CWRVectorRenderer23setTransformationMatrixERKNS_9Matrix3x3E) referenced from cwrvectorrenderer.o(.constdata__ZTVN8touchgfx17CWRVectorRendererE)
 <LI><a href="#[10d]">touchgfx::CWRVectorRenderer::setTransformationMatrix(const touchgfx::Matrix3x3&)</a> from cwrvectorrenderer.o(i._ZN8touchgfx17CWRVectorRenderer23setTransformationMatrixERKNS_9Matrix3x3E) referenced from touchgfxgeneratedhal.o(.constdata__ZTVN8touchgfx25CWRVectorRendererARGB8888E)
 <LI><a href="#[107]">touchgfx::CWRVectorRenderer::setup(const touchgfx::Rect&, const touchgfx::Rect&)</a> from cwrvectorrenderer.o(i._ZN8touchgfx17CWRVectorRenderer5setupERKNS_4RectES3_) referenced from cwrvectorrenderer.o(.constdata__ZTVN8touchgfx17CWRVectorRendererE)
 <LI><a href="#[107]">touchgfx::CWRVectorRenderer::setup(const touchgfx::Rect&, const touchgfx::Rect&)</a> from cwrvectorrenderer.o(i._ZN8touchgfx17CWRVectorRenderer5setupERKNS_4RectES3_) referenced from touchgfxgeneratedhal.o(.constdata__ZTVN8touchgfx25CWRVectorRendererARGB8888E)
 <LI><a href="#[108]">touchgfx::CWRVectorRenderer::setMode(touchgfx::VectorRenderer::DrawMode)</a> from cwrvectorrenderer.o(i._ZN8touchgfx17CWRVectorRenderer7setModeENS_14VectorRenderer8DrawModeE) referenced from cwrvectorrenderer.o(.constdata__ZTVN8touchgfx17CWRVectorRendererE)
 <LI><a href="#[108]">touchgfx::CWRVectorRenderer::setMode(touchgfx::VectorRenderer::DrawMode)</a> from cwrvectorrenderer.o(i._ZN8touchgfx17CWRVectorRenderer7setModeENS_14VectorRenderer8DrawModeE) referenced from touchgfxgeneratedhal.o(.constdata__ZTVN8touchgfx25CWRVectorRendererARGB8888E)
 <LI><a href="#[10a]">touchgfx::CWRVectorRenderer::drawPath(const unsigned char*, unsigned, const float*, unsigned, const float*)</a> from cwrvectorrenderer.o(i._ZN8touchgfx17CWRVectorRenderer8drawPathEPKhjPKfjS4_) referenced from cwrvectorrenderer.o(.constdata__ZTVN8touchgfx17CWRVectorRendererE)
 <LI><a href="#[10a]">touchgfx::CWRVectorRenderer::drawPath(const unsigned char*, unsigned, const float*, unsigned, const float*)</a> from cwrvectorrenderer.o(i._ZN8touchgfx17CWRVectorRenderer8drawPathEPKhjPKfjS4_) referenced from touchgfxgeneratedhal.o(.constdata__ZTVN8touchgfx25CWRVectorRendererARGB8888E)
 <LI><a href="#[10c]">touchgfx::CWRVectorRenderer::setAlpha(unsigned char)</a> from cwrvectorrenderer.o(i._ZN8touchgfx17CWRVectorRenderer8setAlphaEh) referenced from cwrvectorrenderer.o(.constdata__ZTVN8touchgfx17CWRVectorRendererE)
 <LI><a href="#[10c]">touchgfx::CWRVectorRenderer::setAlpha(unsigned char)</a> from cwrvectorrenderer.o(i._ZN8touchgfx17CWRVectorRenderer8setAlphaEh) referenced from touchgfxgeneratedhal.o(.constdata__ZTVN8touchgfx25CWRVectorRendererARGB8888E)
 <LI><a href="#[10b]">touchgfx::CWRVectorRenderer::setColor(touchgfx::colortype)</a> from cwrvectorrenderer.o(i._ZN8touchgfx17CWRVectorRenderer8setColorENS_9colortypeE) referenced from cwrvectorrenderer.o(.constdata__ZTVN8touchgfx17CWRVectorRendererE)
 <LI><a href="#[10b]">touchgfx::CWRVectorRenderer::setColor(touchgfx::colortype)</a> from cwrvectorrenderer.o(i._ZN8touchgfx17CWRVectorRenderer8setColorENS_9colortypeE) referenced from touchgfxgeneratedhal.o(.constdata__ZTVN8touchgfx25CWRVectorRendererARGB8888E)
 <LI><a href="#[109]">touchgfx::CWRVectorRenderer::tearDown()</a> from cwrvectorrenderer.o(i._ZN8touchgfx17CWRVectorRenderer8tearDownEv) referenced from cwrvectorrenderer.o(.constdata__ZTVN8touchgfx17CWRVectorRendererE)
 <LI><a href="#[109]">touchgfx::CWRVectorRenderer::tearDown()</a> from cwrvectorrenderer.o(i._ZN8touchgfx17CWRVectorRenderer8tearDownEv) referenced from touchgfxgeneratedhal.o(.constdata__ZTVN8touchgfx25CWRVectorRendererARGB8888E)
 <LI><a href="#[110]">touchgfx::LockFreeDMA_Queue::pushCopyOf(const touchgfx::BlitOp&)</a> from dma.o(i._ZN8touchgfx17LockFreeDMA_Queue10pushCopyOfERKNS_6BlitOpE) referenced from dma.o(.constdata__ZTVN8touchgfx17LockFreeDMA_QueueE)
 <LI><a href="#[111]">touchgfx::LockFreeDMA_Queue::pop()</a> from dma.o(i._ZN8touchgfx17LockFreeDMA_Queue3popEv) referenced from dma.o(.constdata__ZTVN8touchgfx17LockFreeDMA_QueueE)
 <LI><a href="#[112]">touchgfx::LockFreeDMA_Queue::first()</a> from dma.o(i._ZN8touchgfx17LockFreeDMA_Queue5firstEv) referenced from dma.o(.constdata__ZTVN8touchgfx17LockFreeDMA_QueueE)
 <LI><a href="#[10f]">touchgfx::LockFreeDMA_Queue::isFull()</a> from dma.o(i._ZN8touchgfx17LockFreeDMA_Queue6isFullEv) referenced from dma.o(.constdata__ZTVN8touchgfx17LockFreeDMA_QueueE)
 <LI><a href="#[10e]">touchgfx::LockFreeDMA_Queue::isEmpty()</a> from dma.o(i._ZN8touchgfx17LockFreeDMA_Queue7isEmptyEv) referenced from dma.o(.constdata__ZTVN8touchgfx17LockFreeDMA_QueueE)
 <LI><a href="#[113]">touchgfx::VectorFontRendererImpl::drawGlyph(const touchgfx::Rect&, const touchgfx::Rect&, const unsigned short*, const touchgfx::Font*, touchgfx::colortype, unsigned char, touchgfx::TextRotation, int, int)</a> from vectorfontrendererimpl.o(i._ZN8touchgfx22VectorFontRendererImpl9drawGlyphERKNS_4RectES3_PKtPKNS_4FontENS_9colortypeEhNS_12TextRotationEii) referenced from vectorfontrendererimpl.o(.constdata__ZTVN8touchgfx22VectorFontRendererImplE)
 <LI><a href="#[a1]">touchgfx::VectorFontRendererImpl::~VectorFontRendererImpl()</a> from vectorfontrendererimpl.o(i._ZN8touchgfx22VectorFontRendererImplD1Ev) referenced from vectorfontrendererimpl.o(.constdata__ZTVN8touchgfx22VectorFontRendererImplE)
 <LI><a href="#[a1]">touchgfx::VectorFontRendererImpl::~VectorFontRendererImpl()</a> from vectorfontrendererimpl.o(i._ZN8touchgfx22VectorFontRendererImplD1Ev) referenced from touchgfxconfiguration.o(i.__sti___25_TouchGFXConfiguration_cpp_f5abfd34)
 <LI><a href="#[115]">touchgfx::BoxWithBorderButtonStyle&lang;touchgfx::ClickButtonTrigger&rang;::handlePressedUpdated()</a> from screenviewbase.o(t._ZN8touchgfx24BoxWithBorderButtonStyleINS_18ClickButtonTriggerEE20handlePressedUpdatedEv) referenced from screenviewbase.o(.constdata__ZTVN8touchgfx24BoxWithBorderButtonStyleINS_18ClickButtonTriggerEEE)
 <LI><a href="#[114]">touchgfx::BoxWithBorderButtonStyle&lang;touchgfx::ClickButtonTrigger&rang;::~BoxWithBorderButtonStyle()</a> from screenviewbase.o(i._ZN8touchgfx24BoxWithBorderButtonStyleINS_18ClickButtonTriggerEED1Ev) referenced from screenviewbase.o(.constdata__ZTVN8touchgfx24BoxWithBorderButtonStyleINS_18ClickButtonTriggerEEE)
 <LI><a href="#[117]">touchgfx::CWRVectorRendererARGB8888::getColorPainter()</a> from touchgfxgeneratedhal.o(i._ZN8touchgfx25CWRVectorRendererARGB888815getColorPainterEv) referenced from touchgfxgeneratedhal.o(.constdata__ZTVN8touchgfx25CWRVectorRendererARGB8888E)
 <LI><a href="#[116]">touchgfx::CWRVectorRendererARGB8888::getColorPainterColor()</a> from touchgfxgeneratedhal.o(i._ZN8touchgfx25CWRVectorRendererARGB888820getColorPainterColorEv) referenced from touchgfxgeneratedhal.o(.constdata__ZTVN8touchgfx25CWRVectorRendererARGB8888E)
 <LI><a href="#[7d]">touchgfx::CWRVectorRendererARGB8888::~CWRVectorRendererARGB8888()</a> from touchgfxgeneratedhal.o(i._ZN8touchgfx25CWRVectorRendererARGB8888D1Ev) referenced from touchgfxgeneratedhal.o(.constdata__ZTVN8touchgfx25CWRVectorRendererARGB8888E)
 <LI><a href="#[7d]">touchgfx::CWRVectorRendererARGB8888::~CWRVectorRendererARGB8888()</a> from touchgfxgeneratedhal.o(i._ZN8touchgfx25CWRVectorRendererARGB8888D1Ev) referenced from touchgfxgeneratedhal.o(i._ZN8touchgfx14VectorRenderer11getInstanceEv)
 <LI><a href="#[c0]">touchgfx::HAL::FlushCache()</a> from hal.o(i._ZN8touchgfx3HAL10FlushCacheEv) referenced from touchgfxhal.o(.constdata__ZTV11TouchGFXHAL)
 <LI><a href="#[c0]">touchgfx::HAL::FlushCache()</a> from hal.o(i._ZN8touchgfx3HAL10FlushCacheEv) referenced from hal.o(.constdata__ZTVN8touchgfx3HALE)
 <LI><a href="#[11b]">touchgfx::HAL::initialize()</a> from hal.o(i._ZN8touchgfx3HAL10initializeEv) referenced from hal.o(.constdata__ZTVN8touchgfx3HALE)
 <LI><a href="#[b2]">touchgfx::HAL::getBlitCaps()</a> from hal.o(i._ZN8touchgfx3HAL11getBlitCapsEv) referenced from touchgfxhal.o(.constdata__ZTV11TouchGFXHAL)
 <LI><a href="#[b2]">touchgfx::HAL::getBlitCaps()</a> from hal.o(i._ZN8touchgfx3HAL11getBlitCapsEv) referenced from hal.o(.constdata__ZTVN8touchgfx3HALE)
 <LI><a href="#[b5]">touchgfx::HAL::blitCopyGlyph(const unsigned char*, unsigned short, unsigned short, unsigned short, unsigned short, unsigned short, touchgfx::colortype, unsigned char, touchgfx::BlitOperations, bool)</a> from hal.o(i._ZN8touchgfx3HAL13blitCopyGlyphEPKhtttttNS_9colortypeEhNS_14BlitOperationsEb) referenced from touchgfxhal.o(.constdata__ZTV11TouchGFXHAL)
 <LI><a href="#[b5]">touchgfx::HAL::blitCopyGlyph(const unsigned char*, unsigned short, unsigned short, unsigned short, unsigned short, unsigned short, touchgfx::colortype, unsigned char, touchgfx::BlitOperations, bool)</a> from hal.o(i._ZN8touchgfx3HAL13blitCopyGlyphEPKhtttttNS_9colortypeEhNS_14BlitOperationsEb) referenced from hal.o(.constdata__ZTVN8touchgfx3HALE)
 <LI><a href="#[bf]">touchgfx::HAL::InvalidateCache()</a> from hal.o(i._ZN8touchgfx3HAL15InvalidateCacheEv) referenced from touchgfxhal.o(.constdata__ZTV11TouchGFXHAL)
 <LI><a href="#[bf]">touchgfx::HAL::InvalidateCache()</a> from hal.o(i._ZN8touchgfx3HAL15InvalidateCacheEv) referenced from hal.o(.constdata__ZTVN8touchgfx3HALE)
 <LI><a href="#[af]">touchgfx::HAL::lockFrameBuffer()</a> from hal.o(i._ZN8touchgfx3HAL15lockFrameBufferEv) referenced from touchgfxhal.o(.constdata__ZTV11TouchGFXHAL)
 <LI><a href="#[af]">touchgfx::HAL::lockFrameBuffer()</a> from hal.o(i._ZN8touchgfx3HAL15lockFrameBufferEv) referenced from hal.o(.constdata__ZTVN8touchgfx3HALE)
 <LI><a href="#[11c]">touchgfx::HAL::getTFTCurrentLine()</a> from hal.o(i._ZN8touchgfx3HAL17getTFTCurrentLineEv) referenced from hal.o(.constdata__ZTVN8touchgfx3HALE)
 <LI><a href="#[b0]">touchgfx::HAL::unlockFrameBuffer()</a> from hal.o(i._ZN8touchgfx3HAL17unlockFrameBufferEv) referenced from touchgfxhal.o(.constdata__ZTV11TouchGFXHAL)
 <LI><a href="#[b0]">touchgfx::HAL::unlockFrameBuffer()</a> from hal.o(i._ZN8touchgfx3HAL17unlockFrameBufferEv) referenced from hal.o(.constdata__ZTVN8touchgfx3HALE)
 <LI><a href="#[bd]">touchgfx::HAL::setAnimationStorage(void*)</a> from hal.o(i._ZN8touchgfx3HAL19setAnimationStorageEPv) referenced from touchgfxhal.o(.constdata__ZTV11TouchGFXHAL)
 <LI><a href="#[bd]">touchgfx::HAL::setAnimationStorage(void*)</a> from hal.o(i._ZN8touchgfx3HAL19setAnimationStorageEPv) referenced from hal.o(.constdata__ZTVN8touchgfx3HALE)
 <LI><a href="#[b8]">touchgfx::HAL::registerEventListener(touchgfx::UIEventListener&)</a> from hal.o(i._ZN8touchgfx3HAL21registerEventListenerERNS_15UIEventListenerE) referenced from touchgfxhal.o(.constdata__ZTV11TouchGFXHAL)
 <LI><a href="#[b8]">touchgfx::HAL::registerEventListener(touchgfx::UIEventListener&)</a> from hal.o(i._ZN8touchgfx3HAL21registerEventListenerERNS_15UIEventListenerE) referenced from hal.o(.constdata__ZTVN8touchgfx3HALE)
 <LI><a href="#[ad]">touchgfx::HAL::setDisplayOrientation(touchgfx::DisplayOrientation)</a> from hal.o(i._ZN8touchgfx3HAL21setDisplayOrientationENS_18DisplayOrientationE) referenced from touchgfxhal.o(.constdata__ZTV11TouchGFXHAL)
 <LI><a href="#[ad]">touchgfx::HAL::setDisplayOrientation(touchgfx::DisplayOrientation)</a> from hal.o(i._ZN8touchgfx3HAL21setDisplayOrientationENS_18DisplayOrientationE) referenced from hal.o(.constdata__ZTVN8touchgfx3HALE)
 <LI><a href="#[bc]">touchgfx::HAL::setFrameBufferStartAddresses(void*, void*, void*)</a> from hal.o(i._ZN8touchgfx3HAL28setFrameBufferStartAddressesEPvS1_S1_) referenced from touchgfxhal.o(.constdata__ZTV11TouchGFXHAL)
 <LI><a href="#[bc]">touchgfx::HAL::setFrameBufferStartAddresses(void*, void*, void*)</a> from hal.o(i._ZN8touchgfx3HAL28setFrameBufferStartAddressesEPvS1_S1_) referenced from hal.o(.constdata__ZTVN8touchgfx3HALE)
 <LI><a href="#[b3]">touchgfx::HAL::blitCopy(const unsigned short*, const unsigned char*, unsigned short, unsigned short, unsigned short, unsigned short, unsigned short, unsigned char, bool, unsigned short, touchgfx::Bitmap::BitmapFormat, touchgfx::Bitmap::BitmapFormat, bool)</a> from hal.o(i._ZN8touchgfx3HAL8blitCopyEPKtPKhttttthbtNS_6Bitmap12BitmapFormatES6_b) referenced from touchgfxhal.o(.constdata__ZTV11TouchGFXHAL)
 <LI><a href="#[b3]">touchgfx::HAL::blitCopy(const unsigned short*, const unsigned char*, unsigned short, unsigned short, unsigned short, unsigned short, unsigned short, unsigned char, bool, unsigned short, touchgfx::Bitmap::BitmapFormat, touchgfx::Bitmap::BitmapFormat, bool)</a> from hal.o(i._ZN8touchgfx3HAL8blitCopyEPKtPKhttttthbtNS_6Bitmap12BitmapFormatES6_b) referenced from hal.o(.constdata__ZTVN8touchgfx3HALE)
 <LI><a href="#[b4]">touchgfx::HAL::blitCopy(const unsigned short*, unsigned short, unsigned short, unsigned short, unsigned short, unsigned short, unsigned char, bool, unsigned short, touchgfx::Bitmap::BitmapFormat, touchgfx::Bitmap::BitmapFormat, bool)</a> from hal.o(i._ZN8touchgfx3HAL8blitCopyEPKtttttthbtNS_6Bitmap12BitmapFormatES4_b) referenced from touchgfxhal.o(.constdata__ZTV11TouchGFXHAL)
 <LI><a href="#[b4]">touchgfx::HAL::blitCopy(const unsigned short*, unsigned short, unsigned short, unsigned short, unsigned short, unsigned short, unsigned char, bool, unsigned short, touchgfx::Bitmap::BitmapFormat, touchgfx::Bitmap::BitmapFormat, bool)</a> from hal.o(i._ZN8touchgfx3HAL8blitCopyEPKtttttthbtNS_6Bitmap12BitmapFormatES4_b) referenced from hal.o(.constdata__ZTVN8touchgfx3HALE)
 <LI><a href="#[b7]">touchgfx::HAL::blitFill(touchgfx::colortype, unsigned short, unsigned short, unsigned short, unsigned short, unsigned char, bool)</a> from hal.o(i._ZN8touchgfx3HAL8blitFillENS_9colortypeEtttthb) referenced from touchgfxhal.o(.constdata__ZTV11TouchGFXHAL)
 <LI><a href="#[b7]">touchgfx::HAL::blitFill(touchgfx::colortype, unsigned short, unsigned short, unsigned short, unsigned short, unsigned char, bool)</a> from hal.o(i._ZN8touchgfx3HAL8blitFillENS_9colortypeEtttthb) referenced from hal.o(.constdata__ZTVN8touchgfx3HALE)
 <LI><a href="#[b6]">touchgfx::HAL::blitFill(touchgfx::colortype, unsigned short, unsigned short, unsigned short, unsigned short, unsigned char, unsigned short, touchgfx::Bitmap::BitmapFormat, bool)</a> from hal.o(i._ZN8touchgfx3HAL8blitFillENS_9colortypeEtttthtNS_6Bitmap12BitmapFormatEb) referenced from touchgfxhal.o(.constdata__ZTV11TouchGFXHAL)
 <LI><a href="#[b6]">touchgfx::HAL::blitFill(touchgfx::colortype, unsigned short, unsigned short, unsigned short, unsigned short, unsigned char, unsigned short, touchgfx::Bitmap::BitmapFormat, bool)</a> from hal.o(i._ZN8touchgfx3HAL8blitFillENS_9colortypeEtttthtNS_6Bitmap12BitmapFormatEb) referenced from hal.o(.constdata__ZTVN8touchgfx3HALE)
 <LI><a href="#[7c]">touchgfx::Rect::Rect()</a> from application.o(i._ZN8touchgfx4RectC1Ev) referenced from application.o(i._ZN8touchgfx11ApplicationC1Ev)
 <LI><a href="#[122]">touchgfx::Image::setBitmap(const touchgfx::Bitmap&)</a> from image.o(i._ZN8touchgfx5Image9setBitmapERKNS_6BitmapE) referenced from image.o(.constdata__ZTVN8touchgfx5ImageE)
 <LI><a href="#[7b]">touchgfx::BlitOp::BlitOp()</a> from stm32dma.o(i._ZN8touchgfx6BlitOpC1Ev) referenced from stm32dma.o(i._ZN8STM32DMAC1Ev)
 <LI><a href="#[123]">touchgfx::Canvas::lineTo(touchgfx::CWRUtil::Q5, touchgfx::CWRUtil::Q5)</a> from canvas.o(i._ZN8touchgfx6Canvas6lineToENS_7CWRUtil2Q5ES2_) referenced from canvas.o(.constdata__ZTVN8touchgfx6CanvasE)
 <LI><a href="#[125]">touchgfx::Screen::setupScreen()</a> from screen.o(i._ZN8touchgfx6Screen11setupScreenEv) referenced from screen.o(.constdata__ZTVN8touchgfx6ScreenE)
 <LI><a href="#[c3]">touchgfx::Screen::tearDownScreen()</a> from screen.o(i._ZN8touchgfx6Screen14tearDownScreenEv) referenced from screenviewbase.o(.constdata__ZTV14screenViewBase)
 <LI><a href="#[c3]">touchgfx::Screen::tearDownScreen()</a> from screen.o(i._ZN8touchgfx6Screen14tearDownScreenEv) referenced from screen.o(.constdata__ZTVN8touchgfx6ScreenE)
 <LI><a href="#[aa]">touchgfx::Screen::draw(touchgfx::Rect&)</a> from screen.o(i._ZN8touchgfx6Screen4drawERNS_4RectE) referenced from screenview.o(.constdata__ZTV10screenView)
 <LI><a href="#[aa]">touchgfx::Screen::draw(touchgfx::Rect&)</a> from screen.o(i._ZN8touchgfx6Screen4drawERNS_4RectE) referenced from screenviewbase.o(.constdata__ZTV14screenViewBase)
 <LI><a href="#[aa]">touchgfx::Screen::draw(touchgfx::Rect&)</a> from screen.o(i._ZN8touchgfx6Screen4drawERNS_4RectE) referenced from screen.o(.constdata__ZTVN8touchgfx6ScreenE)
 <LI><a href="#[124]">touchgfx::Screen::~Screen()</a> from screen.o(i._ZN8touchgfx6ScreenD1Ev) referenced from screen.o(.constdata__ZTVN8touchgfx6ScreenE)
 <LI><a href="#[126]">touchgfx::Outline::~Outline()</a> from outline.o(i._ZN8touchgfx7OutlineD1Ev) referenced from outline.o(.constdata__ZTVN8touchgfx7OutlineE)
 <LI><a href="#[df]">touchgfx::Drawable::setupDrawChain(const touchgfx::Rect&, touchgfx::Drawable**)</a> from box.o(i._ZN8touchgfx8Drawable14setupDrawChainERKNS_4RectEPPS0_) referenced from canvaswidget.o(.constdata__ZTVN8touchgfx12CanvasWidgetE)
 <LI><a href="#[df]">touchgfx::Drawable::setupDrawChain(const touchgfx::Rect&, touchgfx::Drawable**)</a> from box.o(i._ZN8touchgfx8Drawable14setupDrawChainERKNS_4RectEPPS0_) referenced from boxwithborder.o(.constdata__ZTVN8touchgfx13BoxWithBorderE)
 <LI><a href="#[df]">touchgfx::Drawable::setupDrawChain(const touchgfx::Rect&, touchgfx::Drawable**)</a> from box.o(i._ZN8touchgfx8Drawable14setupDrawChainERKNS_4RectEPPS0_) referenced from touchgfxgeneratedhal.o(.constdata__ZTVN8touchgfx17CWRVectorRenderer17CanvasWidgetProxyE)
 <LI><a href="#[df]">touchgfx::Drawable::setupDrawChain(const touchgfx::Rect&, touchgfx::Drawable**)</a> from box.o(i._ZN8touchgfx8Drawable14setupDrawChainERKNS_4RectEPPS0_) referenced from box.o(.constdata__ZTVN8touchgfx3BoxE)
 <LI><a href="#[df]">touchgfx::Drawable::setupDrawChain(const touchgfx::Rect&, touchgfx::Drawable**)</a> from box.o(i._ZN8touchgfx8Drawable14setupDrawChainERKNS_4RectEPPS0_) referenced from image.o(.constdata__ZTVN8touchgfx5ImageE)
 <LI><a href="#[df]">touchgfx::Drawable::setupDrawChain(const touchgfx::Rect&, touchgfx::Drawable**)</a> from box.o(i._ZN8touchgfx8Drawable14setupDrawChainERKNS_4RectEPPS0_) referenced from screenviewbase.o(.constdata__ZTVN8touchgfx6WidgetE)
 <LI><a href="#[df]">touchgfx::Drawable::setupDrawChain(const touchgfx::Rect&, touchgfx::Drawable**)</a> from box.o(i._ZN8touchgfx8Drawable14setupDrawChainERKNS_4RectEPPS0_) referenced from drawable.o(.constdata__ZTVN8touchgfx8DrawableE)
 <LI><a href="#[df]">touchgfx::Drawable::setupDrawChain(const touchgfx::Rect&, touchgfx::Drawable**)</a> from box.o(i._ZN8touchgfx8Drawable14setupDrawChainERKNS_4RectEPPS0_) referenced from textarea.o(.constdata__ZTVN8touchgfx8TextAreaE)
 <LI><a href="#[db]">touchgfx::Drawable::setX(short)</a> from box.o(i._ZN8touchgfx8Drawable4setXEs) referenced from canvaswidget.o(.constdata__ZTVN8touchgfx12CanvasWidgetE)
 <LI><a href="#[db]">touchgfx::Drawable::setX(short)</a> from box.o(i._ZN8touchgfx8Drawable4setXEs) referenced from boxwithborder.o(.constdata__ZTVN8touchgfx13BoxWithBorderE)
 <LI><a href="#[db]">touchgfx::Drawable::setX(short)</a> from box.o(i._ZN8touchgfx8Drawable4setXEs) referenced from screenviewbase.o(.constdata__ZTVN8touchgfx15TextButtonStyleINS_24BoxWithBorderButtonStyleINS_18ClickButtonTriggerEEEEE)
 <LI><a href="#[db]">touchgfx::Drawable::setX(short)</a> from box.o(i._ZN8touchgfx8Drawable4setXEs) referenced from touchgfxgeneratedhal.o(.constdata__ZTVN8touchgfx17CWRVectorRenderer17CanvasWidgetProxyE)
 <LI><a href="#[db]">touchgfx::Drawable::setX(short)</a> from box.o(i._ZN8touchgfx8Drawable4setXEs) referenced from screenviewbase.o(.constdata__ZTVN8touchgfx24BoxWithBorderButtonStyleINS_18ClickButtonTriggerEEE)
 <LI><a href="#[db]">touchgfx::Drawable::setX(short)</a> from box.o(i._ZN8touchgfx8Drawable4setXEs) referenced from box.o(.constdata__ZTVN8touchgfx3BoxE)
 <LI><a href="#[db]">touchgfx::Drawable::setX(short)</a> from box.o(i._ZN8touchgfx8Drawable4setXEs) referenced from image.o(.constdata__ZTVN8touchgfx5ImageE)
 <LI><a href="#[db]">touchgfx::Drawable::setX(short)</a> from box.o(i._ZN8touchgfx8Drawable4setXEs) referenced from screenviewbase.o(.constdata__ZTVN8touchgfx6WidgetE)
 <LI><a href="#[db]">touchgfx::Drawable::setX(short)</a> from box.o(i._ZN8touchgfx8Drawable4setXEs) referenced from drawable.o(.constdata__ZTVN8touchgfx8DrawableE)
 <LI><a href="#[db]">touchgfx::Drawable::setX(short)</a> from box.o(i._ZN8touchgfx8Drawable4setXEs) referenced from textarea.o(.constdata__ZTVN8touchgfx8TextAreaE)
 <LI><a href="#[db]">touchgfx::Drawable::setX(short)</a> from box.o(i._ZN8touchgfx8Drawable4setXEs) referenced from container.o(.constdata__ZTVN8touchgfx9ContainerE)
 <LI><a href="#[dc]">touchgfx::Drawable::setY(short)</a> from box.o(i._ZN8touchgfx8Drawable4setYEs) referenced from canvaswidget.o(.constdata__ZTVN8touchgfx12CanvasWidgetE)
 <LI><a href="#[dc]">touchgfx::Drawable::setY(short)</a> from box.o(i._ZN8touchgfx8Drawable4setYEs) referenced from boxwithborder.o(.constdata__ZTVN8touchgfx13BoxWithBorderE)
 <LI><a href="#[dc]">touchgfx::Drawable::setY(short)</a> from box.o(i._ZN8touchgfx8Drawable4setYEs) referenced from screenviewbase.o(.constdata__ZTVN8touchgfx15TextButtonStyleINS_24BoxWithBorderButtonStyleINS_18ClickButtonTriggerEEEEE)
 <LI><a href="#[dc]">touchgfx::Drawable::setY(short)</a> from box.o(i._ZN8touchgfx8Drawable4setYEs) referenced from touchgfxgeneratedhal.o(.constdata__ZTVN8touchgfx17CWRVectorRenderer17CanvasWidgetProxyE)
 <LI><a href="#[dc]">touchgfx::Drawable::setY(short)</a> from box.o(i._ZN8touchgfx8Drawable4setYEs) referenced from screenviewbase.o(.constdata__ZTVN8touchgfx24BoxWithBorderButtonStyleINS_18ClickButtonTriggerEEE)
 <LI><a href="#[dc]">touchgfx::Drawable::setY(short)</a> from box.o(i._ZN8touchgfx8Drawable4setYEs) referenced from box.o(.constdata__ZTVN8touchgfx3BoxE)
 <LI><a href="#[dc]">touchgfx::Drawable::setY(short)</a> from box.o(i._ZN8touchgfx8Drawable4setYEs) referenced from image.o(.constdata__ZTVN8touchgfx5ImageE)
 <LI><a href="#[dc]">touchgfx::Drawable::setY(short)</a> from box.o(i._ZN8touchgfx8Drawable4setYEs) referenced from screenviewbase.o(.constdata__ZTVN8touchgfx6WidgetE)
 <LI><a href="#[dc]">touchgfx::Drawable::setY(short)</a> from box.o(i._ZN8touchgfx8Drawable4setYEs) referenced from drawable.o(.constdata__ZTVN8touchgfx8DrawableE)
 <LI><a href="#[dc]">touchgfx::Drawable::setY(short)</a> from box.o(i._ZN8touchgfx8Drawable4setYEs) referenced from textarea.o(.constdata__ZTVN8touchgfx8TextAreaE)
 <LI><a href="#[dc]">touchgfx::Drawable::setY(short)</a> from box.o(i._ZN8touchgfx8Drawable4setYEs) referenced from container.o(.constdata__ZTVN8touchgfx9ContainerE)
 <LI><a href="#[dd]">touchgfx::Drawable::setWidth(short)</a> from box.o(i._ZN8touchgfx8Drawable8setWidthEs) referenced from canvaswidget.o(.constdata__ZTVN8touchgfx12CanvasWidgetE)
 <LI><a href="#[dd]">touchgfx::Drawable::setWidth(short)</a> from box.o(i._ZN8touchgfx8Drawable8setWidthEs) referenced from boxwithborder.o(.constdata__ZTVN8touchgfx13BoxWithBorderE)
 <LI><a href="#[dd]">touchgfx::Drawable::setWidth(short)</a> from box.o(i._ZN8touchgfx8Drawable8setWidthEs) referenced from screenviewbase.o(.constdata__ZTVN8touchgfx15TextButtonStyleINS_24BoxWithBorderButtonStyleINS_18ClickButtonTriggerEEEEE)
 <LI><a href="#[dd]">touchgfx::Drawable::setWidth(short)</a> from box.o(i._ZN8touchgfx8Drawable8setWidthEs) referenced from touchgfxgeneratedhal.o(.constdata__ZTVN8touchgfx17CWRVectorRenderer17CanvasWidgetProxyE)
 <LI><a href="#[dd]">touchgfx::Drawable::setWidth(short)</a> from box.o(i._ZN8touchgfx8Drawable8setWidthEs) referenced from screenviewbase.o(.constdata__ZTVN8touchgfx24BoxWithBorderButtonStyleINS_18ClickButtonTriggerEEE)
 <LI><a href="#[dd]">touchgfx::Drawable::setWidth(short)</a> from box.o(i._ZN8touchgfx8Drawable8setWidthEs) referenced from box.o(.constdata__ZTVN8touchgfx3BoxE)
 <LI><a href="#[dd]">touchgfx::Drawable::setWidth(short)</a> from box.o(i._ZN8touchgfx8Drawable8setWidthEs) referenced from image.o(.constdata__ZTVN8touchgfx5ImageE)
 <LI><a href="#[dd]">touchgfx::Drawable::setWidth(short)</a> from box.o(i._ZN8touchgfx8Drawable8setWidthEs) referenced from screenviewbase.o(.constdata__ZTVN8touchgfx6WidgetE)
 <LI><a href="#[dd]">touchgfx::Drawable::setWidth(short)</a> from box.o(i._ZN8touchgfx8Drawable8setWidthEs) referenced from drawable.o(.constdata__ZTVN8touchgfx8DrawableE)
 <LI><a href="#[dd]">touchgfx::Drawable::setWidth(short)</a> from box.o(i._ZN8touchgfx8Drawable8setWidthEs) referenced from container.o(.constdata__ZTVN8touchgfx9ContainerE)
 <LI><a href="#[de]">touchgfx::Drawable::setHeight(short)</a> from box.o(i._ZN8touchgfx8Drawable9setHeightEs) referenced from canvaswidget.o(.constdata__ZTVN8touchgfx12CanvasWidgetE)
 <LI><a href="#[de]">touchgfx::Drawable::setHeight(short)</a> from box.o(i._ZN8touchgfx8Drawable9setHeightEs) referenced from boxwithborder.o(.constdata__ZTVN8touchgfx13BoxWithBorderE)
 <LI><a href="#[de]">touchgfx::Drawable::setHeight(short)</a> from box.o(i._ZN8touchgfx8Drawable9setHeightEs) referenced from screenviewbase.o(.constdata__ZTVN8touchgfx15TextButtonStyleINS_24BoxWithBorderButtonStyleINS_18ClickButtonTriggerEEEEE)
 <LI><a href="#[de]">touchgfx::Drawable::setHeight(short)</a> from box.o(i._ZN8touchgfx8Drawable9setHeightEs) referenced from touchgfxgeneratedhal.o(.constdata__ZTVN8touchgfx17CWRVectorRenderer17CanvasWidgetProxyE)
 <LI><a href="#[de]">touchgfx::Drawable::setHeight(short)</a> from box.o(i._ZN8touchgfx8Drawable9setHeightEs) referenced from screenviewbase.o(.constdata__ZTVN8touchgfx24BoxWithBorderButtonStyleINS_18ClickButtonTriggerEEE)
 <LI><a href="#[de]">touchgfx::Drawable::setHeight(short)</a> from box.o(i._ZN8touchgfx8Drawable9setHeightEs) referenced from box.o(.constdata__ZTVN8touchgfx3BoxE)
 <LI><a href="#[de]">touchgfx::Drawable::setHeight(short)</a> from box.o(i._ZN8touchgfx8Drawable9setHeightEs) referenced from image.o(.constdata__ZTVN8touchgfx5ImageE)
 <LI><a href="#[de]">touchgfx::Drawable::setHeight(short)</a> from box.o(i._ZN8touchgfx8Drawable9setHeightEs) referenced from screenviewbase.o(.constdata__ZTVN8touchgfx6WidgetE)
 <LI><a href="#[de]">touchgfx::Drawable::setHeight(short)</a> from box.o(i._ZN8touchgfx8Drawable9setHeightEs) referenced from drawable.o(.constdata__ZTVN8touchgfx8DrawableE)
 <LI><a href="#[de]">touchgfx::Drawable::setHeight(short)</a> from box.o(i._ZN8touchgfx8Drawable9setHeightEs) referenced from container.o(.constdata__ZTVN8touchgfx9ContainerE)
 <LI><a href="#[136]">touchgfx::LCD32bpp::fillBuffer(unsigned char*, unsigned short, const touchgfx::Rect&, touchgfx::colortype, unsigned char)</a> from lcd32bpp.o(i._ZN8touchgfx8LCD32bpp10fillBufferEPhtRKNS_4RectENS_9colortypeEh) referenced from lcd32bpp.o(.constdata__ZTVN8touchgfx8LCD32bppE)
 <LI><a href="#[127]">touchgfx::LCD32bpp::DecompressorL8_L4::blitCopyRGB565(const unsigned char*, const unsigned char*, const touchgfx::Rect&, const touchgfx::Rect&, unsigned char)</a> from lcd32bpp.o(i._ZN8touchgfx8LCD32bpp17DecompressorL8_L414blitCopyRGB565EPKhS3_RKNS_4RectES6_h) referenced from lcd32bpp.o(.constdata__ZTVN8touchgfx8LCD32bpp17DecompressorL8_L4E)
 <LI><a href="#[128]">touchgfx::LCD32bpp::DecompressorL8_L4::blitCopyRGB888(const unsigned char*, const unsigned char*, const touchgfx::Rect&, const touchgfx::Rect&, unsigned char)</a> from lcd32bpp.o(i._ZN8touchgfx8LCD32bpp17DecompressorL8_L414blitCopyRGB888EPKhS3_RKNS_4RectES6_h) referenced from lcd32bpp.o(.constdata__ZTVN8touchgfx8LCD32bpp17DecompressorL8_L4E)
 <LI><a href="#[129]">touchgfx::LCD32bpp::DecompressorL8_L4::blitCopyARGB8888(const unsigned char*, const unsigned char*, const touchgfx::Rect&, const touchgfx::Rect&, unsigned char)</a> from lcd32bpp.o(i._ZN8touchgfx8LCD32bpp17DecompressorL8_L416blitCopyARGB8888EPKhS3_RKNS_4RectES6_h) referenced from lcd32bpp.o(.constdata__ZTVN8touchgfx8LCD32bpp17DecompressorL8_L4E)
 <LI><a href="#[7f]">touchgfx::LCD32bpp::DecompressorL8_L4::~DecompressorL8_L4()</a> from lcd32bpp.o(i._ZN8touchgfx8LCD32bpp17DecompressorL8_L4D1Ev) referenced from lcd32bpp.o(.constdata__ZTVN8touchgfx8LCD32bpp17DecompressorL8_L4E)
 <LI><a href="#[7f]">touchgfx::LCD32bpp::DecompressorL8_L4::~DecompressorL8_L4()</a> from lcd32bpp.o(i._ZN8touchgfx8LCD32bpp17DecompressorL8_L4D1Ev) referenced from lcd32bpp.o(i._ZN8touchgfx8LCD32bpp24enableDecompressorL8_AllEv)
 <LI><a href="#[133]">touchgfx::LCD32bpp::drawPartialBitmap(const touchgfx::Bitmap&, short, short, const touchgfx::Rect&, unsigned char, bool)</a> from lcd32bpp.o(i._ZN8touchgfx8LCD32bpp17drawPartialBitmapERKNS_6BitmapEssRKNS_4RectEhb) referenced from lcd32bpp.o(.constdata__ZTVN8touchgfx8LCD32bppE)
 <LI><a href="#[12a]">touchgfx::LCD32bpp::DecompressorL8_RLE::blitCopyRGB565(const unsigned char*, const unsigned char*, const touchgfx::Rect&, const touchgfx::Rect&, unsigned char)</a> from lcd32bpp.o(i._ZN8touchgfx8LCD32bpp18DecompressorL8_RLE14blitCopyRGB565EPKhS3_RKNS_4RectES6_h) referenced from lcd32bpp.o(.constdata__ZTVN8touchgfx8LCD32bpp18DecompressorL8_RLEE)
 <LI><a href="#[12b]">touchgfx::LCD32bpp::DecompressorL8_RLE::blitCopyRGB888(const unsigned char*, const unsigned char*, const touchgfx::Rect&, const touchgfx::Rect&, unsigned char)</a> from lcd32bpp.o(i._ZN8touchgfx8LCD32bpp18DecompressorL8_RLE14blitCopyRGB888EPKhS3_RKNS_4RectES6_h) referenced from lcd32bpp.o(.constdata__ZTVN8touchgfx8LCD32bpp18DecompressorL8_RLEE)
 <LI><a href="#[12c]">touchgfx::LCD32bpp::DecompressorL8_RLE::blitCopyARGB8888(const unsigned char*, const unsigned char*, const touchgfx::Rect&, const touchgfx::Rect&, unsigned char)</a> from lcd32bpp.o(i._ZN8touchgfx8LCD32bpp18DecompressorL8_RLE16blitCopyARGB8888EPKhS3_RKNS_4RectES6_h) referenced from lcd32bpp.o(.constdata__ZTVN8touchgfx8LCD32bpp18DecompressorL8_RLEE)
 <LI><a href="#[80]">touchgfx::LCD32bpp::DecompressorL8_RLE::~DecompressorL8_RLE()</a> from lcd32bpp.o(i._ZN8touchgfx8LCD32bpp18DecompressorL8_RLED1Ev) referenced from lcd32bpp.o(.constdata__ZTVN8touchgfx8LCD32bpp18DecompressorL8_RLEE)
 <LI><a href="#[80]">touchgfx::LCD32bpp::DecompressorL8_RLE::~DecompressorL8_RLE()</a> from lcd32bpp.o(i._ZN8touchgfx8LCD32bpp18DecompressorL8_RLED1Ev) referenced from lcd32bpp.o(i._ZN8touchgfx8LCD32bpp24enableDecompressorL8_AllEv)
 <LI><a href="#[12d]">touchgfx::LCD32bpp::DecompressorL8_LZW9::blitCopyRGB565(const unsigned char*, const unsigned char*, const touchgfx::Rect&, const touchgfx::Rect&, unsigned char)</a> from lcd32bpp.o(i._ZN8touchgfx8LCD32bpp19DecompressorL8_LZW914blitCopyRGB565EPKhS3_RKNS_4RectES6_h) referenced from lcd32bpp.o(.constdata__ZTVN8touchgfx8LCD32bpp19DecompressorL8_LZW9E)
 <LI><a href="#[12e]">touchgfx::LCD32bpp::DecompressorL8_LZW9::blitCopyRGB888(const unsigned char*, const unsigned char*, const touchgfx::Rect&, const touchgfx::Rect&, unsigned char)</a> from lcd32bpp.o(i._ZN8touchgfx8LCD32bpp19DecompressorL8_LZW914blitCopyRGB888EPKhS3_RKNS_4RectES6_h) referenced from lcd32bpp.o(.constdata__ZTVN8touchgfx8LCD32bpp19DecompressorL8_LZW9E)
 <LI><a href="#[12f]">touchgfx::LCD32bpp::DecompressorL8_LZW9::blitCopyARGB8888(const unsigned char*, const unsigned char*, const touchgfx::Rect&, const touchgfx::Rect&, unsigned char)</a> from lcd32bpp.o(i._ZN8touchgfx8LCD32bpp19DecompressorL8_LZW916blitCopyARGB8888EPKhS3_RKNS_4RectES6_h) referenced from lcd32bpp.o(.constdata__ZTVN8touchgfx8LCD32bpp19DecompressorL8_LZW9E)
 <LI><a href="#[81]">touchgfx::LCD32bpp::DecompressorL8_LZW9::~DecompressorL8_LZW9()</a> from lcd32bpp.o(i._ZN8touchgfx8LCD32bpp19DecompressorL8_LZW9D1Ev) referenced from lcd32bpp.o(.constdata__ZTVN8touchgfx8LCD32bpp19DecompressorL8_LZW9E)
 <LI><a href="#[81]">touchgfx::LCD32bpp::DecompressorL8_LZW9::~DecompressorL8_LZW9()</a> from lcd32bpp.o(i._ZN8touchgfx8LCD32bpp19DecompressorL8_LZW9D1Ev) referenced from lcd32bpp.o(i._ZN8touchgfx8LCD32bpp24enableDecompressorL8_AllEv)
 <LI><a href="#[130]">touchgfx::LCD32bpp::DecompressorRGB_QOI::blitCopyRGB565(const unsigned char*, const touchgfx::Rect&, const touchgfx::Rect&, unsigned char)</a> from lcd32bpp.o(i._ZN8touchgfx8LCD32bpp19DecompressorRGB_QOI14blitCopyRGB565EPKhRKNS_4RectES6_h) referenced from lcd32bpp.o(.constdata__ZTVN8touchgfx8LCD32bpp19DecompressorRGB_QOIE)
 <LI><a href="#[132]">touchgfx::LCD32bpp::DecompressorRGB_QOI::blitCopyRGB888(const unsigned char*, const touchgfx::Rect&, const touchgfx::Rect&, unsigned char)</a> from lcd32bpp.o(i._ZN8touchgfx8LCD32bpp19DecompressorRGB_QOI14blitCopyRGB888EPKhRKNS_4RectES6_h) referenced from lcd32bpp.o(.constdata__ZTVN8touchgfx8LCD32bpp19DecompressorRGB_QOIE)
 <LI><a href="#[131]">touchgfx::LCD32bpp::DecompressorRGB_QOI::blitCopyARGB8888(const unsigned char*, const touchgfx::Rect&, const touchgfx::Rect&, unsigned char)</a> from lcd32bpp.o(i._ZN8touchgfx8LCD32bpp19DecompressorRGB_QOI16blitCopyARGB8888EPKhRKNS_4RectES6_h) referenced from lcd32bpp.o(.constdata__ZTVN8touchgfx8LCD32bpp19DecompressorRGB_QOIE)
 <LI><a href="#[7e]">touchgfx::LCD32bpp::DecompressorRGB_QOI::~DecompressorRGB_QOI()</a> from lcd32bpp.o(i._ZN8touchgfx8LCD32bpp19DecompressorRGB_QOID1Ev) referenced from lcd32bpp.o(.constdata__ZTVN8touchgfx8LCD32bpp19DecompressorRGB_QOIE)
 <LI><a href="#[7e]">touchgfx::LCD32bpp::DecompressorRGB_QOI::~DecompressorRGB_QOI()</a> from lcd32bpp.o(i._ZN8touchgfx8LCD32bpp19DecompressorRGB_QOID1Ev) referenced from lcd32bpp.o(i._ZN8touchgfx8LCD32bpp21enableDecompressorRGBEv)
 <LI><a href="#[86]">touchgfx::LCD32bpp::TextureMapper_A4_NearestNeighbor_GA::~TextureMapper_A4_NearestNeighbor_GA()</a> from lcd32bpp.o(i._ZN8touchgfx8LCD32bpp35TextureMapper_A4_NearestNeighbor_GAD1Ev) referenced from lcd32bpp.o(.constdata__ZTVN8touchgfx8LCD32bpp35TextureMapper_A4_NearestNeighbor_GAE)
 <LI><a href="#[86]">touchgfx::LCD32bpp::TextureMapper_A4_NearestNeighbor_GA::~TextureMapper_A4_NearestNeighbor_GA()</a> from lcd32bpp.o(i._ZN8touchgfx8LCD32bpp35TextureMapper_A4_NearestNeighbor_GAD1Ev) referenced from lcd32bpp.o(i._ZN8touchgfx8LCD32bpp37enableTextureMapperA4_NearestNeighborEv)
 <LI><a href="#[87]">touchgfx::LCD32bpp::TextureMapper_A4_NearestNeighbor_NoGA::~TextureMapper_A4_NearestNeighbor_NoGA()</a> from lcd32bpp.o(i._ZN8touchgfx8LCD32bpp37TextureMapper_A4_NearestNeighbor_NoGAD1Ev) referenced from lcd32bpp.o(.constdata__ZTVN8touchgfx8LCD32bpp37TextureMapper_A4_NearestNeighbor_NoGAE)
 <LI><a href="#[87]">touchgfx::LCD32bpp::TextureMapper_A4_NearestNeighbor_NoGA::~TextureMapper_A4_NearestNeighbor_NoGA()</a> from lcd32bpp.o(i._ZN8touchgfx8LCD32bpp37TextureMapper_A4_NearestNeighbor_NoGAD1Ev) referenced from lcd32bpp.o(i._ZN8touchgfx8LCD32bpp37enableTextureMapperA4_NearestNeighborEv)
 <LI><a href="#[8a]">touchgfx::LCD32bpp::TextureMapper_A4_BilinearInterpolation_GA::~TextureMapper_A4_BilinearInterpolation_GA()</a> from lcd32bpp.o(i._ZN8touchgfx8LCD32bpp41TextureMapper_A4_BilinearInterpolation_GAD1Ev) referenced from lcd32bpp.o(.constdata__ZTVN8touchgfx8LCD32bpp41TextureMapper_A4_BilinearInterpolation_GAE)
 <LI><a href="#[8a]">touchgfx::LCD32bpp::TextureMapper_A4_BilinearInterpolation_GA::~TextureMapper_A4_BilinearInterpolation_GA()</a> from lcd32bpp.o(i._ZN8touchgfx8LCD32bpp41TextureMapper_A4_BilinearInterpolation_GAD1Ev) referenced from lcd32bpp.o(i._ZN8touchgfx8LCD32bpp43enableTextureMapperA4_BilinearInterpolationEv)
 <LI><a href="#[8b]">touchgfx::LCD32bpp::TextureMapper_A4_BilinearInterpolation_NoGA::~TextureMapper_A4_BilinearInterpolation_NoGA()</a> from lcd32bpp.o(i._ZN8touchgfx8LCD32bpp43TextureMapper_A4_BilinearInterpolation_NoGAD1Ev) referenced from lcd32bpp.o(.constdata__ZTVN8touchgfx8LCD32bpp43TextureMapper_A4_BilinearInterpolation_NoGAE)
 <LI><a href="#[8b]">touchgfx::LCD32bpp::TextureMapper_A4_BilinearInterpolation_NoGA::~TextureMapper_A4_BilinearInterpolation_NoGA()</a> from lcd32bpp.o(i._ZN8touchgfx8LCD32bpp43TextureMapper_A4_BilinearInterpolation_NoGAD1Ev) referenced from lcd32bpp.o(i._ZN8touchgfx8LCD32bpp43enableTextureMapperA4_BilinearInterpolationEv)
 <LI><a href="#[92]">touchgfx::LCD32bpp::TextureMapper_RGB565_Opaque_NearestNeighbor_GA::~TextureMapper_RGB565_Opaque_NearestNeighbor_GA()</a> from lcd32bpp.o(i._ZN8touchgfx8LCD32bpp46TextureMapper_RGB565_Opaque_NearestNeighbor_GAD1Ev) referenced from lcd32bpp.o(.constdata__ZTVN8touchgfx8LCD32bpp46TextureMapper_RGB565_Opaque_NearestNeighbor_GAE)
 <LI><a href="#[92]">touchgfx::LCD32bpp::TextureMapper_RGB565_Opaque_NearestNeighbor_GA::~TextureMapper_RGB565_Opaque_NearestNeighbor_GA()</a> from lcd32bpp.o(i._ZN8touchgfx8LCD32bpp46TextureMapper_RGB565_Opaque_NearestNeighbor_GAD1Ev) referenced from lcd32bpp.o(i._ZN8touchgfx8LCD32bpp48enableTextureMapperRGB565_Opaque_NearestNeighborEv)
 <LI><a href="#[88]">touchgfx::LCD32bpp::TextureMapper_RGB888_Opaque_NearestNeighbor_GA::~TextureMapper_RGB888_Opaque_NearestNeighbor_GA()</a> from lcd32bpp.o(i._ZN8touchgfx8LCD32bpp46TextureMapper_RGB888_Opaque_NearestNeighbor_GAD1Ev) referenced from lcd32bpp.o(.constdata__ZTVN8touchgfx8LCD32bpp46TextureMapper_RGB888_Opaque_NearestNeighbor_GAE)
 <LI><a href="#[88]">touchgfx::LCD32bpp::TextureMapper_RGB888_Opaque_NearestNeighbor_GA::~TextureMapper_RGB888_Opaque_NearestNeighbor_GA()</a> from lcd32bpp.o(i._ZN8touchgfx8LCD32bpp46TextureMapper_RGB888_Opaque_NearestNeighbor_GAD1Ev) referenced from lcd32bpp.o(i._ZN8touchgfx8LCD32bpp41enableTextureMapperRGB888_NearestNeighborEv)
 <LI><a href="#[93]">touchgfx::LCD32bpp::TextureMapper_RGB565_Opaque_NearestNeighbor_NoGA::~TextureMapper_RGB565_Opaque_NearestNeighbor_NoGA()</a> from lcd32bpp.o(i._ZN8touchgfx8LCD32bpp48TextureMapper_RGB565_Opaque_NearestNeighbor_NoGAD1Ev) referenced from lcd32bpp.o(.constdata__ZTVN8touchgfx8LCD32bpp48TextureMapper_RGB565_Opaque_NearestNeighbor_NoGAE)
 <LI><a href="#[93]">touchgfx::LCD32bpp::TextureMapper_RGB565_Opaque_NearestNeighbor_NoGA::~TextureMapper_RGB565_Opaque_NearestNeighbor_NoGA()</a> from lcd32bpp.o(i._ZN8touchgfx8LCD32bpp48TextureMapper_RGB565_Opaque_NearestNeighbor_NoGAD1Ev) referenced from lcd32bpp.o(i._ZN8touchgfx8LCD32bpp48enableTextureMapperRGB565_Opaque_NearestNeighborEv)
 <LI><a href="#[89]">touchgfx::LCD32bpp::TextureMapper_RGB888_Opaque_NearestNeighbor_NoGA::~TextureMapper_RGB888_Opaque_NearestNeighbor_NoGA()</a> from lcd32bpp.o(i._ZN8touchgfx8LCD32bpp48TextureMapper_RGB888_Opaque_NearestNeighbor_NoGAD1Ev) referenced from lcd32bpp.o(.constdata__ZTVN8touchgfx8LCD32bpp48TextureMapper_RGB888_Opaque_NearestNeighbor_NoGAE)
 <LI><a href="#[89]">touchgfx::LCD32bpp::TextureMapper_RGB888_Opaque_NearestNeighbor_NoGA::~TextureMapper_RGB888_Opaque_NearestNeighbor_NoGA()</a> from lcd32bpp.o(i._ZN8touchgfx8LCD32bpp48TextureMapper_RGB888_Opaque_NearestNeighbor_NoGAD1Ev) referenced from lcd32bpp.o(i._ZN8touchgfx8LCD32bpp41enableTextureMapperRGB888_NearestNeighborEv)
 <LI><a href="#[8c]">touchgfx::LCD32bpp::TextureMapper_L8_RGB565_Opaque_NearestNeighbor_GA::~TextureMapper_L8_RGB565_Opaque_NearestNeighbor_GA()</a> from lcd32bpp.o(i._ZN8touchgfx8LCD32bpp49TextureMapper_L8_RGB565_Opaque_NearestNeighbor_GAD1Ev) referenced from lcd32bpp.o(.constdata__ZTVN8touchgfx8LCD32bpp49TextureMapper_L8_RGB565_Opaque_NearestNeighbor_GAE)
 <LI><a href="#[8c]">touchgfx::LCD32bpp::TextureMapper_L8_RGB565_Opaque_NearestNeighbor_GA::~TextureMapper_L8_RGB565_Opaque_NearestNeighbor_GA()</a> from lcd32bpp.o(i._ZN8touchgfx8LCD32bpp49TextureMapper_L8_RGB565_Opaque_NearestNeighbor_GAD1Ev) referenced from lcd32bpp.o(i._ZN8touchgfx8LCD32bpp44enableTextureMapperL8_RGB565_NearestNeighborEv)
 <LI><a href="#[8e]">touchgfx::LCD32bpp::TextureMapper_L8_RGB888_Opaque_NearestNeighbor_GA::~TextureMapper_L8_RGB888_Opaque_NearestNeighbor_GA()</a> from lcd32bpp.o(i._ZN8touchgfx8LCD32bpp49TextureMapper_L8_RGB888_Opaque_NearestNeighbor_GAD1Ev) referenced from lcd32bpp.o(.constdata__ZTVN8touchgfx8LCD32bpp49TextureMapper_L8_RGB888_Opaque_NearestNeighbor_GAE)
 <LI><a href="#[8e]">touchgfx::LCD32bpp::TextureMapper_L8_RGB888_Opaque_NearestNeighbor_GA::~TextureMapper_L8_RGB888_Opaque_NearestNeighbor_GA()</a> from lcd32bpp.o(i._ZN8touchgfx8LCD32bpp49TextureMapper_L8_RGB888_Opaque_NearestNeighbor_GAD1Ev) referenced from lcd32bpp.o(i._ZN8touchgfx8LCD32bpp44enableTextureMapperL8_RGB888_NearestNeighborEv)
 <LI><a href="#[98]">touchgfx::LCD32bpp::TextureMapper_RGB565_NonOpaque_NearestNeighbor_GA::~TextureMapper_RGB565_NonOpaque_NearestNeighbor_GA()</a> from lcd32bpp.o(i._ZN8touchgfx8LCD32bpp49TextureMapper_RGB565_NonOpaque_NearestNeighbor_GAD1Ev) referenced from lcd32bpp.o(.constdata__ZTVN8touchgfx8LCD32bpp49TextureMapper_RGB565_NonOpaque_NearestNeighbor_GAE)
 <LI><a href="#[98]">touchgfx::LCD32bpp::TextureMapper_RGB565_NonOpaque_NearestNeighbor_GA::~TextureMapper_RGB565_NonOpaque_NearestNeighbor_GA()</a> from lcd32bpp.o(i._ZN8touchgfx8LCD32bpp49TextureMapper_RGB565_NonOpaque_NearestNeighbor_GAD1Ev) referenced from lcd32bpp.o(i._ZN8touchgfx8LCD32bpp51enableTextureMapperRGB565_NonOpaque_NearestNeighborEv)
 <LI><a href="#[83]">touchgfx::LCD32bpp::TextureMapper_ARGB8888_NonOpaque_NearestNeighbor_GA::~TextureMapper_ARGB8888_NonOpaque_NearestNeighbor_GA()</a> from lcd32bpp.o(i._ZN8touchgfx8LCD32bpp51TextureMapper_ARGB8888_NonOpaque_NearestNeighbor_GAD1Ev) referenced from lcd32bpp.o(.constdata__ZTVN8touchgfx8LCD32bpp51TextureMapper_ARGB8888_NonOpaque_NearestNeighbor_GAE)
 <LI><a href="#[83]">touchgfx::LCD32bpp::TextureMapper_ARGB8888_NonOpaque_NearestNeighbor_GA::~TextureMapper_ARGB8888_NonOpaque_NearestNeighbor_GA()</a> from lcd32bpp.o(i._ZN8touchgfx8LCD32bpp51TextureMapper_ARGB8888_NonOpaque_NearestNeighbor_GAD1Ev) referenced from lcd32bpp.o(i._ZN8touchgfx8LCD32bpp27enableTextureMapperARGB8888Ev)
 <LI><a href="#[8d]">touchgfx::LCD32bpp::TextureMapper_L8_RGB565_Opaque_NearestNeighbor_NoGA::~TextureMapper_L8_RGB565_Opaque_NearestNeighbor_NoGA()</a> from lcd32bpp.o(i._ZN8touchgfx8LCD32bpp51TextureMapper_L8_RGB565_Opaque_NearestNeighbor_NoGAD1Ev) referenced from lcd32bpp.o(.constdata__ZTVN8touchgfx8LCD32bpp51TextureMapper_L8_RGB565_Opaque_NearestNeighbor_NoGAE)
 <LI><a href="#[8d]">touchgfx::LCD32bpp::TextureMapper_L8_RGB565_Opaque_NearestNeighbor_NoGA::~TextureMapper_L8_RGB565_Opaque_NearestNeighbor_NoGA()</a> from lcd32bpp.o(i._ZN8touchgfx8LCD32bpp51TextureMapper_L8_RGB565_Opaque_NearestNeighbor_NoGAD1Ev) referenced from lcd32bpp.o(i._ZN8touchgfx8LCD32bpp44enableTextureMapperL8_RGB565_NearestNeighborEv)
 <LI><a href="#[8f]">touchgfx::LCD32bpp::TextureMapper_L8_RGB888_Opaque_NearestNeighbor_NoGA::~TextureMapper_L8_RGB888_Opaque_NearestNeighbor_NoGA()</a> from lcd32bpp.o(i._ZN8touchgfx8LCD32bpp51TextureMapper_L8_RGB888_Opaque_NearestNeighbor_NoGAD1Ev) referenced from lcd32bpp.o(.constdata__ZTVN8touchgfx8LCD32bpp51TextureMapper_L8_RGB888_Opaque_NearestNeighbor_NoGAE)
 <LI><a href="#[8f]">touchgfx::LCD32bpp::TextureMapper_L8_RGB888_Opaque_NearestNeighbor_NoGA::~TextureMapper_L8_RGB888_Opaque_NearestNeighbor_NoGA()</a> from lcd32bpp.o(i._ZN8touchgfx8LCD32bpp51TextureMapper_L8_RGB888_Opaque_NearestNeighbor_NoGAD1Ev) referenced from lcd32bpp.o(i._ZN8touchgfx8LCD32bpp44enableTextureMapperL8_RGB888_NearestNeighborEv)
 <LI><a href="#[99]">touchgfx::LCD32bpp::TextureMapper_RGB565_NonOpaque_NearestNeighbor_NoGA::~TextureMapper_RGB565_NonOpaque_NearestNeighbor_NoGA()</a> from lcd32bpp.o(i._ZN8touchgfx8LCD32bpp51TextureMapper_RGB565_NonOpaque_NearestNeighbor_NoGAD1Ev) referenced from lcd32bpp.o(.constdata__ZTVN8touchgfx8LCD32bpp51TextureMapper_RGB565_NonOpaque_NearestNeighbor_NoGAE)
 <LI><a href="#[99]">touchgfx::LCD32bpp::TextureMapper_RGB565_NonOpaque_NearestNeighbor_NoGA::~TextureMapper_RGB565_NonOpaque_NearestNeighbor_NoGA()</a> from lcd32bpp.o(i._ZN8touchgfx8LCD32bpp51TextureMapper_RGB565_NonOpaque_NearestNeighbor_NoGAD1Ev) referenced from lcd32bpp.o(i._ZN8touchgfx8LCD32bpp51enableTextureMapperRGB565_NonOpaque_NearestNeighborEv)
 <LI><a href="#[9a]">touchgfx::LCD32bpp::TextureMapper_RGB565_Opaque_BilinearInterpolation_GA::~TextureMapper_RGB565_Opaque_BilinearInterpolation_GA()</a> from lcd32bpp.o(i._ZN8touchgfx8LCD32bpp52TextureMapper_RGB565_Opaque_BilinearInterpolation_GAD1Ev) referenced from lcd32bpp.o(.constdata__ZTVN8touchgfx8LCD32bpp52TextureMapper_RGB565_Opaque_BilinearInterpolation_GAE)
 <LI><a href="#[9a]">touchgfx::LCD32bpp::TextureMapper_RGB565_Opaque_BilinearInterpolation_GA::~TextureMapper_RGB565_Opaque_BilinearInterpolation_GA()</a> from lcd32bpp.o(i._ZN8touchgfx8LCD32bpp52TextureMapper_RGB565_Opaque_BilinearInterpolation_GAD1Ev) referenced from lcd32bpp.o(i._ZN8touchgfx8LCD32bpp54enableTextureMapperRGB565_Opaque_BilinearInterpolationEv)
 <LI><a href="#[90]">touchgfx::LCD32bpp::TextureMapper_RGB888_Opaque_BilinearInterpolation_GA::~TextureMapper_RGB888_Opaque_BilinearInterpolation_GA()</a> from lcd32bpp.o(i._ZN8touchgfx8LCD32bpp52TextureMapper_RGB888_Opaque_BilinearInterpolation_GAD1Ev) referenced from lcd32bpp.o(.constdata__ZTVN8touchgfx8LCD32bpp52TextureMapper_RGB888_Opaque_BilinearInterpolation_GAE)
 <LI><a href="#[90]">touchgfx::LCD32bpp::TextureMapper_RGB888_Opaque_BilinearInterpolation_GA::~TextureMapper_RGB888_Opaque_BilinearInterpolation_GA()</a> from lcd32bpp.o(i._ZN8touchgfx8LCD32bpp52TextureMapper_RGB888_Opaque_BilinearInterpolation_GAD1Ev) referenced from lcd32bpp.o(i._ZN8touchgfx8LCD32bpp47enableTextureMapperRGB888_BilinearInterpolationEv)
 <LI><a href="#[85]">touchgfx::LCD32bpp::TextureMapper_L8_ARGB8888_NonOpaque_NearestNeighbor_GA::~TextureMapper_L8_ARGB8888_NonOpaque_NearestNeighbor_GA()</a> from lcd32bpp.o(i._ZN8touchgfx8LCD32bpp54TextureMapper_L8_ARGB8888_NonOpaque_NearestNeighbor_GAD1Ev) referenced from lcd32bpp.o(.constdata__ZTVN8touchgfx8LCD32bpp54TextureMapper_L8_ARGB8888_NonOpaque_NearestNeighbor_GAE)
 <LI><a href="#[85]">touchgfx::LCD32bpp::TextureMapper_L8_ARGB8888_NonOpaque_NearestNeighbor_GA::~TextureMapper_L8_ARGB8888_NonOpaque_NearestNeighbor_GA()</a> from lcd32bpp.o(i._ZN8touchgfx8LCD32bpp54TextureMapper_L8_ARGB8888_NonOpaque_NearestNeighbor_GAD1Ev) referenced from lcd32bpp.o(i._ZN8touchgfx8LCD32bpp30enableTextureMapperL8_ARGB8888Ev)
 <LI><a href="#[9b]">touchgfx::LCD32bpp::TextureMapper_RGB565_Opaque_BilinearInterpolation_NoGA::~TextureMapper_RGB565_Opaque_BilinearInterpolation_NoGA()</a> from lcd32bpp.o(i._ZN8touchgfx8LCD32bpp54TextureMapper_RGB565_Opaque_BilinearInterpolation_NoGAD1Ev) referenced from lcd32bpp.o(.constdata__ZTVN8touchgfx8LCD32bpp54TextureMapper_RGB565_Opaque_BilinearInterpolation_NoGAE)
 <LI><a href="#[9b]">touchgfx::LCD32bpp::TextureMapper_RGB565_Opaque_BilinearInterpolation_NoGA::~TextureMapper_RGB565_Opaque_BilinearInterpolation_NoGA()</a> from lcd32bpp.o(i._ZN8touchgfx8LCD32bpp54TextureMapper_RGB565_Opaque_BilinearInterpolation_NoGAD1Ev) referenced from lcd32bpp.o(i._ZN8touchgfx8LCD32bpp54enableTextureMapperRGB565_Opaque_BilinearInterpolationEv)
 <LI><a href="#[91]">touchgfx::LCD32bpp::TextureMapper_RGB888_Opaque_BilinearInterpolation_NoGA::~TextureMapper_RGB888_Opaque_BilinearInterpolation_NoGA()</a> from lcd32bpp.o(i._ZN8touchgfx8LCD32bpp54TextureMapper_RGB888_Opaque_BilinearInterpolation_NoGAD1Ev) referenced from lcd32bpp.o(.constdata__ZTVN8touchgfx8LCD32bpp54TextureMapper_RGB888_Opaque_BilinearInterpolation_NoGAE)
 <LI><a href="#[91]">touchgfx::LCD32bpp::TextureMapper_RGB888_Opaque_BilinearInterpolation_NoGA::~TextureMapper_RGB888_Opaque_BilinearInterpolation_NoGA()</a> from lcd32bpp.o(i._ZN8touchgfx8LCD32bpp54TextureMapper_RGB888_Opaque_BilinearInterpolation_NoGAD1Ev) referenced from lcd32bpp.o(i._ZN8touchgfx8LCD32bpp47enableTextureMapperRGB888_BilinearInterpolationEv)
 <LI><a href="#[94]">touchgfx::LCD32bpp::TextureMapper_L8_RGB565_Opaque_BilinearInterpolation_GA::~TextureMapper_L8_RGB565_Opaque_BilinearInterpolation_GA()</a> from lcd32bpp.o(i._ZN8touchgfx8LCD32bpp55TextureMapper_L8_RGB565_Opaque_BilinearInterpolation_GAD1Ev) referenced from lcd32bpp.o(.constdata__ZTVN8touchgfx8LCD32bpp55TextureMapper_L8_RGB565_Opaque_BilinearInterpolation_GAE)
 <LI><a href="#[94]">touchgfx::LCD32bpp::TextureMapper_L8_RGB565_Opaque_BilinearInterpolation_GA::~TextureMapper_L8_RGB565_Opaque_BilinearInterpolation_GA()</a> from lcd32bpp.o(i._ZN8touchgfx8LCD32bpp55TextureMapper_L8_RGB565_Opaque_BilinearInterpolation_GAD1Ev) referenced from lcd32bpp.o(i._ZN8touchgfx8LCD32bpp50enableTextureMapperL8_RGB565_BilinearInterpolationEv)
 <LI><a href="#[96]">touchgfx::LCD32bpp::TextureMapper_L8_RGB888_Opaque_BilinearInterpolation_GA::~TextureMapper_L8_RGB888_Opaque_BilinearInterpolation_GA()</a> from lcd32bpp.o(i._ZN8touchgfx8LCD32bpp55TextureMapper_L8_RGB888_Opaque_BilinearInterpolation_GAD1Ev) referenced from lcd32bpp.o(.constdata__ZTVN8touchgfx8LCD32bpp55TextureMapper_L8_RGB888_Opaque_BilinearInterpolation_GAE)
 <LI><a href="#[96]">touchgfx::LCD32bpp::TextureMapper_L8_RGB888_Opaque_BilinearInterpolation_GA::~TextureMapper_L8_RGB888_Opaque_BilinearInterpolation_GA()</a> from lcd32bpp.o(i._ZN8touchgfx8LCD32bpp55TextureMapper_L8_RGB888_Opaque_BilinearInterpolation_GAD1Ev) referenced from lcd32bpp.o(i._ZN8touchgfx8LCD32bpp50enableTextureMapperL8_RGB888_BilinearInterpolationEv)
 <LI><a href="#[9c]">touchgfx::LCD32bpp::TextureMapper_RGB565_NonOpaque_BilinearInterpolation_GA::~TextureMapper_RGB565_NonOpaque_BilinearInterpolation_GA()</a> from lcd32bpp.o(i._ZN8touchgfx8LCD32bpp55TextureMapper_RGB565_NonOpaque_BilinearInterpolation_GAD1Ev) referenced from lcd32bpp.o(.constdata__ZTVN8touchgfx8LCD32bpp55TextureMapper_RGB565_NonOpaque_BilinearInterpolation_GAE)
 <LI><a href="#[9c]">touchgfx::LCD32bpp::TextureMapper_RGB565_NonOpaque_BilinearInterpolation_GA::~TextureMapper_RGB565_NonOpaque_BilinearInterpolation_GA()</a> from lcd32bpp.o(i._ZN8touchgfx8LCD32bpp55TextureMapper_RGB565_NonOpaque_BilinearInterpolation_GAD1Ev) referenced from lcd32bpp.o(i._ZN8touchgfx8LCD32bpp57enableTextureMapperRGB565_NonOpaque_BilinearInterpolationEv)
 <LI><a href="#[82]">touchgfx::LCD32bpp::TextureMapper_ARGB8888_NonOpaque_BilinearInterpolation_GA::~TextureMapper_ARGB8888_NonOpaque_BilinearInterpolation_GA()</a> from lcd32bpp.o(i._ZN8touchgfx8LCD32bpp57TextureMapper_ARGB8888_NonOpaque_BilinearInterpolation_GAD1Ev) referenced from lcd32bpp.o(.constdata__ZTVN8touchgfx8LCD32bpp57TextureMapper_ARGB8888_NonOpaque_BilinearInterpolation_GAE)
 <LI><a href="#[82]">touchgfx::LCD32bpp::TextureMapper_ARGB8888_NonOpaque_BilinearInterpolation_GA::~TextureMapper_ARGB8888_NonOpaque_BilinearInterpolation_GA()</a> from lcd32bpp.o(i._ZN8touchgfx8LCD32bpp57TextureMapper_ARGB8888_NonOpaque_BilinearInterpolation_GAD1Ev) referenced from lcd32bpp.o(i._ZN8touchgfx8LCD32bpp27enableTextureMapperARGB8888Ev)
 <LI><a href="#[95]">touchgfx::LCD32bpp::TextureMapper_L8_RGB565_Opaque_BilinearInterpolation_NoGA::~TextureMapper_L8_RGB565_Opaque_BilinearInterpolation_NoGA()</a> from lcd32bpp.o(i._ZN8touchgfx8LCD32bpp57TextureMapper_L8_RGB565_Opaque_BilinearInterpolation_NoGAD1Ev) referenced from lcd32bpp.o(.constdata__ZTVN8touchgfx8LCD32bpp57TextureMapper_L8_RGB565_Opaque_BilinearInterpolation_NoGAE)
 <LI><a href="#[95]">touchgfx::LCD32bpp::TextureMapper_L8_RGB565_Opaque_BilinearInterpolation_NoGA::~TextureMapper_L8_RGB565_Opaque_BilinearInterpolation_NoGA()</a> from lcd32bpp.o(i._ZN8touchgfx8LCD32bpp57TextureMapper_L8_RGB565_Opaque_BilinearInterpolation_NoGAD1Ev) referenced from lcd32bpp.o(i._ZN8touchgfx8LCD32bpp50enableTextureMapperL8_RGB565_BilinearInterpolationEv)
[...]
<LI><a href="#[238]">&gt;&gt;</a>&nbsp;&nbsp;&nbsp;HAL_SMBUS_ListenCpltCallback
<LI><a href="#[230]">&gt;&gt;</a>&nbsp;&nbsp;&nbsp;HAL_SMBUS_ErrorCallback
<LI><a href="#[235]">&gt;&gt;</a>&nbsp;&nbsp;&nbsp;HAL_SMBUS_AddrCallback
<LI><a href="#[232]">&gt;&gt;</a>&nbsp;&nbsp;&nbsp;SMBUS_TransferConfig
<LI><a href="#[22f]">&gt;&gt;</a>&nbsp;&nbsp;&nbsp;SMBUS_Flush_TXDR
<LI><a href="#[231]">&gt;&gt;</a>&nbsp;&nbsp;&nbsp;SMBUS_Disable_IRQ
</UL>
<BR>[Called By]<UL><LI><a href="#[1de]">&gt;&gt;</a>&nbsp;&nbsp;&nbsp;HAL_SMBUS_EV_IRQHandler
</UL>

<P><STRONG><a name="[232]"></a>SMBUS_TransferConfig</STRONG> (Thumb, 40 bytes, Stack size 20 bytes, stm32l4xx_hal_smbus.o(i.SMBUS_TransferConfig))
<BR><BR>[Stack]<UL><LI>Max Depth = 20<LI>Call Chain = SMBUS_TransferConfig
</UL>
<BR>[Called By]<UL><LI><a href="#[1df]">&gt;&gt;</a>&nbsp;&nbsp;&nbsp;SMBUS_Slave_ISR
<LI><a href="#[1e0]">&gt;&gt;</a>&nbsp;&nbsp;&nbsp;SMBUS_Master_ISR
</UL>

<P><STRONG><a name="[1b3]"></a>LTDC_SetConfig</STRONG> (Thumb, 332 bytes, Stack size 20 bytes, stm32l4xx_hal_ltdc.o(i.LTDC_SetConfig))
<BR><BR>[Stack]<UL><LI>Max Depth = 20<LI>Call Chain = LTDC_SetConfig
</UL>
<BR>[Called By]<UL><LI><a href="#[1b2]">&gt;&gt;</a>&nbsp;&nbsp;&nbsp;HAL_LTDC_ConfigLayer
</UL>

<P><STRONG><a name="[1c0]"></a>OSPIM_GetConfig</STRONG> (Thumb, 194 bytes, Stack size 20 bytes, stm32l4xx_hal_ospi.o(i.OSPIM_GetConfig))
<BR><BR>[Stack]<UL><LI>Max Depth = 20<LI>Call Chain = OSPIM_GetConfig
</UL>
<BR>[Called By]<UL><LI><a href="#[1bf]">&gt;&gt;</a>&nbsp;&nbsp;&nbsp;HAL_OSPIM_Config
</UL>

<P><STRONG><a name="[75]"></a>OSPI_DMAAbortCplt</STRONG> (Thumb, 66 bytes, Stack size 8 bytes, stm32l4xx_hal_ospi.o(i.OSPI_DMAAbortCplt))
<BR><BR>[Stack]<UL><LI>Max Depth = 8<LI>Call Chain = OSPI_DMAAbortCplt
</UL>
<BR>[Calls]<UL><LI><a href="#[1c7]">&gt;&gt;</a>&nbsp;&nbsp;&nbsp;HAL_OSPI_ErrorCallback
<LI><a href="#[1c6]">&gt;&gt;</a>&nbsp;&nbsp;&nbsp;HAL_OSPI_AbortCpltCallback
</UL>
<BR>[Address Reference Count : 1]<UL><LI> stm32l4xx_hal_ospi.o(i.HAL_OSPI_IRQHandler)
</UL>
<P><STRONG><a name="[1cd]"></a>OSPI_WaitFlagStateUntilTimeout</STRONG> (Thumb, 72 bytes, Stack size 24 bytes, stm32l4xx_hal_ospi.o(i.OSPI_WaitFlagStateUntilTimeout))
<BR><BR>[Stack]<UL><LI>Max Depth = 24<LI>Call Chain = OSPI_WaitFlagStateUntilTimeout
</UL>
<BR>[Calls]<UL><LI><a href="#[197]">&gt;&gt;</a>&nbsp;&nbsp;&nbsp;HAL_GetTick
</UL>
<BR>[Called By]<UL><LI><a href="#[1cb]">&gt;&gt;</a>&nbsp;&nbsp;&nbsp;HAL_OSPI_Init
</UL>

<P><STRONG><a name="[76]"></a>UART_DMAAbortOnError</STRONG> (Thumb, 20 bytes, Stack size 8 bytes, stm32l4xx_hal_uart.o(i.UART_DMAAbortOnError))
<BR><BR>[Stack]<UL><LI>Max Depth = 8<LI>Call Chain = UART_DMAAbortOnError
</UL>
<BR>[Calls]<UL><LI><a href="#[1fb]">&gt;&gt;</a>&nbsp;&nbsp;&nbsp;HAL_UART_ErrorCallback
</UL>
<BR>[Address Reference Count : 1]<UL><LI> stm32l4xx_hal_uart.o(i.HAL_UART_IRQHandler)
</UL>
<P><STRONG><a name="[1fa]"></a>UART_EndRxTransfer</STRONG> (Thumb, 78 bytes, Stack size 8 bytes, stm32l4xx_hal_uart.o(i.UART_EndRxTransfer))
<BR><BR>[Stack]<UL><LI>Max Depth = 8<LI>Call Chain = UART_EndRxTransfer
</UL>
<BR>[Called By]<UL><LI><a href="#[1f9]">&gt;&gt;</a>&nbsp;&nbsp;&nbsp;HAL_UART_IRQHandler
<LI><a href="#[203]">&gt;&gt;</a>&nbsp;&nbsp;&nbsp;UART_WaitOnFlagUntilTimeout
</UL>

<P><STRONG><a name="[1f7]"></a>UARTEx_SetNbDataToProcess</STRONG> (Thumb, 62 bytes, Stack size 12 bytes, stm32l4xx_hal_uart_ex.o(i.UARTEx_SetNbDataToProcess))
<BR><BR>[Stack]<UL><LI>Max Depth = 12<LI>Call Chain = UARTEx_SetNbDataToProcess
</UL>
<BR>[Called By]<UL><LI><a href="#[1f8]">&gt;&gt;</a>&nbsp;&nbsp;&nbsp;HAL_UARTEx_SetTxFifoThreshold
<LI><a href="#[1f6]">&gt;&gt;</a>&nbsp;&nbsp;&nbsp;HAL_UARTEx_SetRxFifoThreshold
</UL>

<P><STRONG><a name="[14b]"></a>__sti___25_TouchGFXConfiguration_cpp_f5abfd34</STRONG> (Thumb, 120 bytes, Stack size 24 bytes, touchgfxconfiguration.o(i.__sti___25_TouchGFXConfiguration_cpp_f5abfd34))
<BR><BR>[Stack]<UL><LI>Max Depth = 96<LI>Call Chain = __sti___25_TouchGFXConfiguration_cpp_f5abfd34 &rArr; __aeabi_atexit &rArr; malloc &rArr; __Heap_Full &rArr; __Heap_ProvideMemory &rArr; free
</UL>
<BR>[Calls]<UL><LI><a href="#[313]">&gt;&gt;</a>&nbsp;&nbsp;&nbsp;touchgfx::HAL::HAL__sub_object(touchgfx::DMA_Interface&, touchgfx::LCD&, touchgfx::TouchController&, unsigned short, unsigned short)
<LI><a href="#[311]">&gt;&gt;</a>&nbsp;&nbsp;&nbsp;touchgfx::LCD32bpp::LCD32bpp()
<LI><a href="#[312]">&gt;&gt;</a>&nbsp;&nbsp;&nbsp;touchgfx::VectorFontRendererImpl::VectorFontRendererImpl()
<LI><a href="#[26a]">&gt;&gt;</a>&nbsp;&nbsp;&nbsp;STM32DMA::STM32DMA()
<LI><a href="#[171]">&gt;&gt;</a>&nbsp;&nbsp;&nbsp;__aeabi_atexit
</UL>
<BR>[Address Reference Count : 1]<UL><LI> touchgfxconfiguration.o(.init_array)
</UL>
<P><STRONG><a name="[25e]"></a>__NVIC_EnableIRQ(IRQn_Type)</STRONG> (Thumb, 26 bytes, Stack size 0 bytes, touchgfxgeneratedhal.o(i._Z16__NVIC_EnableIRQ9IRQn_Type))
<BR><BR>[Called By]<UL><LI><a href="#[249]">&gt;&gt;</a>&nbsp;&nbsp;&nbsp;TouchGFXGeneratedHAL::enableInterrupts()
</UL>

<P><STRONG><a name="[25f]"></a>__NVIC_DisableIRQ(IRQn_Type)</STRONG> (Thumb, 34 bytes, Stack size 0 bytes, touchgfxgeneratedhal.o(i._Z17__NVIC_DisableIRQ9IRQn_Type))
<BR><BR>[Called By]<UL><LI><a href="#[24a]">&gt;&gt;</a>&nbsp;&nbsp;&nbsp;TouchGFXGeneratedHAL::disableInterrupts()
</UL>

<P><STRONG><a name="[260]"></a>__NVIC_SetPriority(IRQn_Type, unsigned)</STRONG> (Thumb, 32 bytes, Stack size 0 bytes, touchgfxgeneratedhal.o(i._Z18__NVIC_SetPriority9IRQn_Typej))
<BR><BR>[Called By]<UL><LI><a href="#[24b]">&gt;&gt;</a>&nbsp;&nbsp;&nbsp;TouchGFXGeneratedHAL::configureInterrupts()
</UL>

<P><STRONG><a name="[334]"></a>prvCopyDataFromQueue</STRONG> (Thumb, 38 bytes, Stack size 8 bytes, queue.o(i.prvCopyDataFromQueue))
<BR><BR>[Stack]<UL><LI>Max Depth = 8<LI>Call Chain = prvCopyDataFromQueue
</UL>
<BR>[Calls]<UL><LI><a href="#[335]">&gt;&gt;</a>&nbsp;&nbsp;&nbsp;__aeabi_memcpy
</UL>
<BR>[Called By]<UL><LI><a href="#[323]">&gt;&gt;</a>&nbsp;&nbsp;&nbsp;xQueueReceiveFromISR
<LI><a href="#[344]">&gt;&gt;</a>&nbsp;&nbsp;&nbsp;xQueueReceive
</UL>

<P><STRONG><a name="[336]"></a>prvCopyDataToQueue</STRONG> (Thumb, 108 bytes, Stack size 24 bytes, queue.o(i.prvCopyDataToQueue))
<BR><BR>[Stack]<UL><LI>Max Depth = 40<LI>Call Chain = prvCopyDataToQueue &rArr; xTaskPriorityDisinherit
</UL>
<BR>[Calls]<UL><LI><a href="#[337]">&gt;&gt;</a>&nbsp;&nbsp;&nbsp;xTaskPriorityDisinherit
<LI><a href="#[335]">&gt;&gt;</a>&nbsp;&nbsp;&nbsp;__aeabi_memcpy
</UL>
<BR>[Called By]<UL><LI><a href="#[321]">&gt;&gt;</a>&nbsp;&nbsp;&nbsp;xQueueGenericSendFromISR
<LI><a href="#[322]">&gt;&gt;</a>&nbsp;&nbsp;&nbsp;xQueueGenericSend
</UL>

<P><STRONG><a name="[33a]"></a>prvInitialiseNewQueue</STRONG> (Thumb, 34 bytes, Stack size 16 bytes, queue.o(i.prvInitialiseNewQueue))
<BR><BR>[Stack]<UL><LI>Max Depth = 48<LI>Call Chain = prvInitialiseNewQueue &rArr; xQueueGenericReset &rArr; xTaskRemoveFromEventList
</UL>
<BR>[Calls]<UL><LI><a href="#[33b]">&gt;&gt;</a>&nbsp;&nbsp;&nbsp;xQueueGenericReset
</UL>
<BR>[Called By]<UL><LI><a href="#[31e]">&gt;&gt;</a>&nbsp;&nbsp;&nbsp;xQueueGenericCreateStatic
<LI><a href="#[31f]">&gt;&gt;</a>&nbsp;&nbsp;&nbsp;xQueueGenericCreate
</UL>

<P><STRONG><a name="[340]"></a>prvIsQueueEmpty</STRONG> (Thumb, 28 bytes, Stack size 8 bytes, queue.o(i.prvIsQueueEmpty))
<BR><BR>[Stack]<UL><LI>Max Depth = 8<LI>Call Chain = prvIsQueueEmpty
</UL>
<BR>[Calls]<UL><LI><a href="#[332]">&gt;&gt;</a>&nbsp;&nbsp;&nbsp;vPortExitCritical
<LI><a href="#[330]">&gt;&gt;</a>&nbsp;&nbsp;&nbsp;vPortEnterCritical
</UL>
<BR>[Called By]<UL><LI><a href="#[324]">&gt;&gt;</a>&nbsp;&nbsp;&nbsp;xQueueSemaphoreTake
<LI><a href="#[344]">&gt;&gt;</a>&nbsp;&nbsp;&nbsp;xQueueReceive
</UL>

<P><STRONG><a name="[34b]"></a>prvUnlockQueue</STRONG> (Thumb, 106 bytes, Stack size 24 bytes, queue.o(i.prvUnlockQueue))
<BR><BR>[Stack]<UL><LI>Max Depth = 40<LI>Call Chain = prvUnlockQueue &rArr; xTaskRemoveFromEventList
</UL>
<BR>[Calls]<UL><LI><a href="#[34c]">&gt;&gt;</a>&nbsp;&nbsp;&nbsp;xTaskRemoveFromEventList
<LI><a href="#[34d]">&gt;&gt;</a>&nbsp;&nbsp;&nbsp;vTaskMissedYield
<LI><a href="#[332]">&gt;&gt;</a>&nbsp;&nbsp;&nbsp;vPortExitCritical
<LI><a href="#[330]">&gt;&gt;</a>&nbsp;&nbsp;&nbsp;vPortEnterCritical
</UL>
<BR>[Called By]<UL><LI><a href="#[324]">&gt;&gt;</a>&nbsp;&nbsp;&nbsp;xQueueSemaphoreTake
<LI><a href="#[344]">&gt;&gt;</a>&nbsp;&nbsp;&nbsp;xQueueReceive
<LI><a href="#[322]">&gt;&gt;</a>&nbsp;&nbsp;&nbsp;xQueueGenericSend
<LI><a href="#[348]">&gt;&gt;</a>&nbsp;&nbsp;&nbsp;vQueueWaitForMessageRestricted
</UL>

<P><STRONG><a name="[32b]"></a>prvAddCurrentTaskToDelayedList</STRONG> (Thumb, 84 bytes, Stack size 24 bytes, tasks.o(i.prvAddCurrentTaskToDelayedList))
<BR><BR>[Stack]<UL><LI>Max Depth = 36<LI>Call Chain = prvAddCurrentTaskToDelayedList &rArr; vListInsert
</UL>
<BR>[Calls]<UL><LI><a href="#[32d]">&gt;&gt;</a>&nbsp;&nbsp;&nbsp;vListInsertEnd
<LI><a href="#[32e]">&gt;&gt;</a>&nbsp;&nbsp;&nbsp;vListInsert
<LI><a href="#[32c]">&gt;&gt;</a>&nbsp;&nbsp;&nbsp;uxListRemove
</UL>
<BR>[Called By]<UL><LI><a href="#[31c]">&gt;&gt;</a>&nbsp;&nbsp;&nbsp;vTaskDelay
<LI><a href="#[357]">&gt;&gt;</a>&nbsp;&nbsp;&nbsp;vTaskPlaceOnEventListRestricted
<LI><a href="#[358]">&gt;&gt;</a>&nbsp;&nbsp;&nbsp;vTaskPlaceOnEventList
</UL>

<P><STRONG><a name="[32f]"></a>prvAddNewTaskToReadyList</STRONG> (Thumb, 190 bytes, Stack size 24 bytes, tasks.o(i.prvAddNewTaskToReadyList))
<BR><BR>[Stack]<UL><LI>Max Depth = 24<LI>Call Chain = prvAddNewTaskToReadyList
</UL>
<BR>[Calls]<UL><LI><a href="#[32d]">&gt;&gt;</a>&nbsp;&nbsp;&nbsp;vListInsertEnd
<LI><a href="#[332]">&gt;&gt;</a>&nbsp;&nbsp;&nbsp;vPortExitCritical
<LI><a href="#[330]">&gt;&gt;</a>&nbsp;&nbsp;&nbsp;vPortEnterCritical
<LI><a href="#[331]">&gt;&gt;</a>&nbsp;&nbsp;&nbsp;vListInitialise
</UL>
<BR>[Called By]<UL><LI><a href="#[329]">&gt;&gt;</a>&nbsp;&nbsp;&nbsp;xTaskCreateStatic
<LI><a href="#[32a]">&gt;&gt;</a>&nbsp;&nbsp;&nbsp;xTaskCreate
</UL>

<P><STRONG><a name="[338]"></a>prvDeleteTCB</STRONG> (Thumb, 52 bytes, Stack size 8 bytes, tasks.o(i.prvDeleteTCB))
<BR><BR>[Stack]<UL><LI>Max Depth = 80<LI>Call Chain = prvDeleteTCB &rArr; vPortFree &rArr; xTaskResumeAll &rArr; xTaskIncrementTick
</UL>
<BR>[Calls]<UL><LI><a href="#[339]">&gt;&gt;</a>&nbsp;&nbsp;&nbsp;vPortFree
</UL>
<BR>[Called By]<UL><LI><a href="#[a6]">&gt;&gt;</a>&nbsp;&nbsp;&nbsp;prvIdleTask
</UL>

<P><STRONG><a name="[a6]"></a>prvIdleTask</STRONG> (Thumb, 82 bytes, Stack size 0 bytes, tasks.o(i.prvIdleTask))
<BR><BR>[Stack]<UL><LI>Max Depth = 80<LI>Call Chain = prvIdleTask &rArr; prvDeleteTCB &rArr; vPortFree &rArr; xTaskResumeAll &rArr; xTaskIncrementTick
</UL>
<BR>[Calls]<UL><LI><a href="#[338]">&gt;&gt;</a>&nbsp;&nbsp;&nbsp;prvDeleteTCB
<LI><a href="#[32c]">&gt;&gt;</a>&nbsp;&nbsp;&nbsp;uxListRemove
<LI><a href="#[332]">&gt;&gt;</a>&nbsp;&nbsp;&nbsp;vPortExitCritical
<LI><a href="#[330]">&gt;&gt;</a>&nbsp;&nbsp;&nbsp;vPortEnterCritical
</UL>
<BR>[Address Reference Count : 1]<UL><LI> tasks.o(i.vTaskStartScheduler)
</UL>
<P><STRONG><a name="[33c]"></a>prvInitialiseNewTask</STRONG> (Thumb, 176 bytes, Stack size 40 bytes, tasks.o(i.prvInitialiseNewTask))
<BR><BR>[Stack]<UL><LI>Max Depth = 48 + Unknown Stack Size
<LI>Call Chain = prvInitialiseNewTask &rArr; pxPortInitialiseStack
</UL>
<BR>[Calls]<UL><LI><a href="#[33e]">&gt;&gt;</a>&nbsp;&nbsp;&nbsp;pxPortInitialiseStack
<LI><a href="#[33d]">&gt;&gt;</a>&nbsp;&nbsp;&nbsp;vListInitialiseItem
<LI><a href="#[176]">&gt;&gt;</a>&nbsp;&nbsp;&nbsp;__aeabi_memset
</UL>
<BR>[Called By]<UL><LI><a href="#[329]">&gt;&gt;</a>&nbsp;&nbsp;&nbsp;xTaskCreateStatic
<LI><a href="#[32a]">&gt;&gt;</a>&nbsp;&nbsp;&nbsp;xTaskCreate
</UL>

<P><STRONG><a name="[365]"></a>prvResetNextTaskUnblockTime</STRONG> (Thumb, 26 bytes, Stack size 0 bytes, tasks.o(i.prvResetNextTaskUnblockTime))
<BR><BR>[Called By]<UL><LI><a href="#[360]">&gt;&gt;</a>&nbsp;&nbsp;&nbsp;xTaskIncrementTick
<LI><a href="#[347]">&gt;&gt;</a>&nbsp;&nbsp;&nbsp;xTaskResumeAll
</UL>

<P><STRONG><a name="[333]"></a>prvCheckForValidListAndQueue</STRONG> (Thumb, 72 bytes, Stack size 16 bytes, timers.o(i.prvCheckForValidListAndQueue))
<BR><BR>[Stack]<UL><LI>Max Depth = 80<LI>Call Chain = prvCheckForValidListAndQueue &rArr; xQueueGenericCreateStatic &rArr; prvInitialiseNewQueue &rArr; xQueueGenericReset &rArr; xTaskRemoveFromEventList
</UL>
<BR>[Calls]<UL><LI><a href="#[31e]">&gt;&gt;</a>&nbsp;&nbsp;&nbsp;xQueueGenericCreateStatic
<LI><a href="#[320]">&gt;&gt;</a>&nbsp;&nbsp;&nbsp;vQueueAddToRegistry
<LI><a href="#[332]">&gt;&gt;</a>&nbsp;&nbsp;&nbsp;vPortExitCritical
<LI><a href="#[330]">&gt;&gt;</a>&nbsp;&nbsp;&nbsp;vPortEnterCritical
<LI><a href="#[331]">&gt;&gt;</a>&nbsp;&nbsp;&nbsp;vListInitialise
</UL>
<BR>[Called By]<UL><LI><a href="#[35b]">&gt;&gt;</a>&nbsp;&nbsp;&nbsp;xTimerCreateTimerTask
</UL>

<P><STRONG><a name="[33f]"></a>prvInsertTimerInActiveList</STRONG> (Thumb, 52 bytes, Stack size 16 bytes, timers.o(i.prvInsertTimerInActiveList))
<BR><BR>[Stack]<UL><LI>Max Depth = 28<LI>Call Chain = prvInsertTimerInActiveList &rArr; vListInsert
</UL>
<BR>[Calls]<UL><LI><a href="#[32e]">&gt;&gt;</a>&nbsp;&nbsp;&nbsp;vListInsert
</UL>
<BR>[Called By]<UL><LI><a href="#[345]">&gt;&gt;</a>&nbsp;&nbsp;&nbsp;prvProcessTimerOrBlockTask
<LI><a href="#[341]">&gt;&gt;</a>&nbsp;&nbsp;&nbsp;prvProcessReceivedCommands
</UL>

<P><STRONG><a name="[341]"></a>prvProcessReceivedCommands</STRONG> (Thumb, 248 bytes, Stack size 48 bytes, timers.o(i.prvProcessReceivedCommands))
<BR><BR>[Stack]<UL><LI>Max Depth = 240<LI>Call Chain = prvProcessReceivedCommands &rArr; prvSampleTimeNow &rArr; prvSwitchTimerLists &rArr; xTimerGenericCommand &rArr; xQueueGenericSend &rArr; xTaskResumeAll &rArr; xTaskIncrementTick
</UL>
<BR>[Calls]<UL><LI><a href="#[342]">&gt;&gt;</a>&nbsp;&nbsp;&nbsp;prvSampleTimeNow
<LI><a href="#[33f]">&gt;&gt;</a>&nbsp;&nbsp;&nbsp;prvInsertTimerInActiveList
<LI><a href="#[344]">&gt;&gt;</a>&nbsp;&nbsp;&nbsp;xQueueReceive
<LI><a href="#[343]">&gt;&gt;</a>&nbsp;&nbsp;&nbsp;xTimerGenericCommand
<LI><a href="#[32c]">&gt;&gt;</a>&nbsp;&nbsp;&nbsp;uxListRemove
<LI><a href="#[339]">&gt;&gt;</a>&nbsp;&nbsp;&nbsp;vPortFree
</UL>
<BR>[Called By]<UL><LI><a href="#[a7]">&gt;&gt;</a>&nbsp;&nbsp;&nbsp;prvTimerTask
</UL>

<P><STRONG><a name="[345]"></a>prvProcessTimerOrBlockTask</STRONG> (Thumb, 182 bytes, Stack size 32 bytes, timers.o(i.prvProcessTimerOrBlockTask))
<BR><BR>[Stack]<UL><LI>Max Depth = 224<LI>Call Chain = prvProcessTimerOrBlockTask &rArr; prvSampleTimeNow &rArr; prvSwitchTimerLists &rArr; xTimerGenericCommand &rArr; xQueueGenericSend &rArr; xTaskResumeAll &rArr; xTaskIncrementTick
</UL>
<BR>[Calls]<UL><LI><a href="#[342]">&gt;&gt;</a>&nbsp;&nbsp;&nbsp;prvSampleTimeNow
<LI><a href="#[33f]">&gt;&gt;</a>&nbsp;&nbsp;&nbsp;prvInsertTimerInActiveList
<LI><a href="#[348]">&gt;&gt;</a>&nbsp;&nbsp;&nbsp;vQueueWaitForMessageRestricted
<LI><a href="#[343]">&gt;&gt;</a>&nbsp;&nbsp;&nbsp;xTimerGenericCommand
<LI><a href="#[32c]">&gt;&gt;</a>&nbsp;&nbsp;&nbsp;uxListRemove
<LI><a href="#[347]">&gt;&gt;</a>&nbsp;&nbsp;&nbsp;xTaskResumeAll
<LI><a href="#[346]">&gt;&gt;</a>&nbsp;&nbsp;&nbsp;vTaskSuspendAll
</UL>
<BR>[Called By]<UL><LI><a href="#[a7]">&gt;&gt;</a>&nbsp;&nbsp;&nbsp;prvTimerTask
</UL>

<P><STRONG><a name="[342]"></a>prvSampleTimeNow</STRONG> (Thumb, 36 bytes, Stack size 16 bytes, timers.o(i.prvSampleTimeNow))
<BR><BR>[Stack]<UL><LI>Max Depth = 192<LI>Call Chain = prvSampleTimeNow &rArr; prvSwitchTimerLists &rArr; xTimerGenericCommand &rArr; xQueueGenericSend &rArr; xTaskResumeAll &rArr; xTaskIncrementTick
</UL>
<BR>[Calls]<UL><LI><a href="#[34a]">&gt;&gt;</a>&nbsp;&nbsp;&nbsp;prvSwitchTimerLists
<LI><a href="#[349]">&gt;&gt;</a>&nbsp;&nbsp;&nbsp;xTaskGetTickCount
</UL>
<BR>[Called By]<UL><LI><a href="#[345]">&gt;&gt;</a>&nbsp;&nbsp;&nbsp;prvProcessTimerOrBlockTask
<LI><a href="#[341]">&gt;&gt;</a>&nbsp;&nbsp;&nbsp;prvProcessReceivedCommands
</UL>

<P><STRONG><a name="[34a]"></a>prvSwitchTimerLists</STRONG> (Thumb, 104 bytes, Stack size 24 bytes, timers.o(i.prvSwitchTimerLists))
<BR><BR>[Stack]<UL><LI>Max Depth = 176<LI>Call Chain = prvSwitchTimerLists &rArr; xTimerGenericCommand &rArr; xQueueGenericSend &rArr; xTaskResumeAll &rArr; xTaskIncrementTick
</UL>
<BR>[Calls]<UL><LI><a href="#[343]">&gt;&gt;</a>&nbsp;&nbsp;&nbsp;xTimerGenericCommand
<LI><a href="#[32e]">&gt;&gt;</a>&nbsp;&nbsp;&nbsp;vListInsert
<LI><a href="#[32c]">&gt;&gt;</a>&nbsp;&nbsp;&nbsp;uxListRemove
</UL>
<BR>[Called By]<UL><LI><a href="#[342]">&gt;&gt;</a>&nbsp;&nbsp;&nbsp;prvSampleTimeNow
</UL>

<P><STRONG><a name="[a7]"></a>prvTimerTask</STRONG> (Thumb, 32 bytes, Stack size 0 bytes, timers.o(i.prvTimerTask))
<BR><BR>[Stack]<UL><LI>Max Depth = 240<LI>Call Chain = prvTimerTask &rArr; prvProcessReceivedCommands &rArr; prvSampleTimeNow &rArr; prvSwitchTimerLists &rArr; xTimerGenericCommand &rArr; xQueueGenericSend &rArr; xTaskResumeAll &rArr; xTaskIncrementTick
</UL>
<BR>[Calls]<UL><LI><a href="#[345]">&gt;&gt;</a>&nbsp;&nbsp;&nbsp;prvProcessTimerOrBlockTask
<LI><a href="#[341]">&gt;&gt;</a>&nbsp;&nbsp;&nbsp;prvProcessReceivedCommands
</UL>
<BR>[Address Reference Count : 1]<UL><LI> timers.o(i.xTimerCreateTimerTask)
</UL>
<P><STRONG><a name="[34f]"></a>prvHeapInit</STRONG> (Thumb, 64 bytes, Stack size 0 bytes, heap_4.o(i.prvHeapInit))
<BR><BR>[Called By]<UL><LI><a href="#[34e]">&gt;&gt;</a>&nbsp;&nbsp;&nbsp;pvPortMalloc
</UL>

<P><STRONG><a name="[350]"></a>prvInsertBlockIntoFreeList</STRONG> (Thumb, 72 bytes, Stack size 12 bytes, heap_4.o(i.prvInsertBlockIntoFreeList))
<BR><BR>[Stack]<UL><LI>Max Depth = 12<LI>Call Chain = prvInsertBlockIntoFreeList
</UL>
<BR>[Called By]<UL><LI><a href="#[339]">&gt;&gt;</a>&nbsp;&nbsp;&nbsp;vPortFree
<LI><a href="#[34e]">&gt;&gt;</a>&nbsp;&nbsp;&nbsp;pvPortMalloc
</UL>

<P><STRONG><a name="[a4]"></a>prvTaskExitError</STRONG> (Thumb, 36 bytes, Stack size 0 bytes, port.o(i.prvTaskExitError))
<BR>[Address Reference Count : 1]<UL><LI> port.o(i.pxPortInitialiseStack)
</UL>
<P><STRONG><a name="[14c]"></a>__sti___21_typedtextdatabase_cpp_05ec7672</STRONG> (Thumb, 24 bytes, Stack size 8 bytes, typedtextdatabase.o(i.__sti___21_typedtextdatabase_cpp_05ec7672))
<BR><BR>[Stack]<UL><LI>Max Depth = 172<LI>Call Chain = __sti___21_typedtextdatabase_cpp_05ec7672 &rArr; getFont_verdana_40_4bpp() &rArr; touchgfx::GeneratedFont::GeneratedFont(const touchgfx::GlyphNode*, unsigned short, unsigned short, unsigned short, unsigned char, unsigned char, unsigned char, unsigned char, unsigned char, unsigned char, const unsigned char*const *, const touchgfx::KerningNode*, unsigned short, unsigned short, const unsigned short*, const touchgfx::FontContextualFormsTable*) &rArr; touchgfx::ConstFont::ConstFont__sub_object(const touchgfx::GlyphNode*, unsigned short, unsigned short, unsigned short, unsigned char, unsigned char, unsigned char, unsigned char, unsigned char, unsigned char, unsigned short, unsigned short)
</UL>
<BR>[Calls]<UL><LI><a href="#[245]">&gt;&gt;</a>&nbsp;&nbsp;&nbsp;getFont_verdana_40_4bpp()
<LI><a href="#[244]">&gt;&gt;</a>&nbsp;&nbsp;&nbsp;getFont_verdana_20_4bpp()
<LI><a href="#[241]">&gt;&gt;</a>&nbsp;&nbsp;&nbsp;getFont_verdana_10_4bpp()
</UL>
<BR>[Address Reference Count : 1]<UL><LI> typedtextdatabase.o(.init_array)
</UL>
<P><STRONG><a name="[14d]"></a>__sti___15_Application_cpp_63cd8d44</STRONG> (Thumb, 14 bytes, Stack size 0 bytes, application.o(i.__sti___15_Application_cpp_63cd8d44))
<BR>[Address Reference Count : 1]<UL><LI> application.o(.init_array)
</UL>
<P><STRONG><a name="[14e]"></a>__sti___7_LCD_cpp_86507772</STRONG> (Thumb, 8 bytes, Stack size 0 bytes, lcd.o(i.__sti___7_LCD_cpp_86507772))
<BR>[Address Reference Count : 1]<UL><LI> lcd.o(.init_array)
</UL>
<P><STRONG><a name="[74]"></a>_printf_input_char</STRONG> (Thumb, 10 bytes, Stack size 0 bytes, _printf_char_common.o(.text))
<BR>[Address Reference Count : 1]<UL><LI> _printf_char_common.o(.text)
</UL><P>
<H3>
Undefined Global Symbols
</H3><HR></body></html>
