<html>
<body>
<pre>
<h1>µVision Build Log</h1>
<h2>Tool Versions:</h2>
IDE-Version: µVision V5.38.0.0
Copyright (C) 2022 ARM Ltd and ARM Germany GmbH. All rights reserved.
License Information: Daniil Ionin, BMSTU, LIC=R4HV2-9QR29-HRWXN-YAICK-NL02S-MWCYD
 
Tool Versions:
Toolchain:       MDK-ARM Professional  Version: 5.38.0.0
Toolchain Path:  C:\Keil_v5\ARM\ARMCC\Bin
C Compiler:      Armcc.exe V5.06 update 7 (build 960)
Assembler:       Armasm.exe V5.06 update 7 (build 960)
Linker/Locator:  ArmLink.exe V5.06 update 7 (build 960)
Library Manager: ArmAr.exe V5.06 update 7 (build 960)
Hex Converter:   FromElf.exe V5.06 update 7 (build 960)
CPU DLL:         SARMCM3.DLL V5.38.0.0
Dialog DLL:      DCM.DLL V1.17.5.0
Target DLL:      Segger\JL2CM3.dll V2.99.42.0
Dialog DLL:      TCM.DLL V1.56.4.0
 
<h2>Project:</h2>
C:\workspace\projects_STM\code_full\MDK-ARM\code_full.uvprojx
Project File Date:  04/03/2025

<h2>Output:</h2>
*** Using Compiler 'V5.06 update 7 (build 960)', folder: 'C:\Keil_v5\ARM\ARMCC\Bin'
Rebuild target 'code_full'
assembling startup_stm32l4r7xx.s...
compiling dma2d.c...
compiling wwdg.c...
compiling stm32l4xx_it.c...
compiling gfxmmu.c...
compiling tim.c...
compiling gpio.c...
compiling stm32l4xx_hal_timebase_tim.c...
compiling octospi.c...
compiling stm32l4xx_hal_msp.c...
compiling ltdc.c...
compiling usart.c...
compiling i2c.c...
compiling freertos.c...
compiling main.c...
compiling crc.c...
compiling stm32l4xx_hal_tim.c...
compiling stm32l4xx_hal_tim_ex.c...
compiling stm32l4xx_hal_crc_ex.c...
compiling stm32l4xx_hal.c...
compiling stm32l4xx_hal_crc.c...
compiling stm32l4xx_hal_flash_ramfunc.c...
compiling stm32l4xx_hal_gpio.c...
compiling stm32l4xx_hal_dma.c...
compiling stm32l4xx_hal_dma_ex.c...
compiling stm32l4xx_hal_i2c_ex.c...
compiling stm32l4xx_hal_i2c.c...
compiling stm32l4xx_hal_flash.c...
compiling stm32l4xx_hal_pwr.c...
compiling stm32l4xx_hal_flash_ex.c...
compiling stm32l4xx_hal_rcc.c...
compiling stm32l4xx_hal_pwr_ex.c...
compiling TouchGFXHAL.cpp...
compiling STM32TouchController.cpp...
compiling stm32l4xx_hal_rcc_ex.c...
compiling stm32l4xx_hal_dma2d.c...
compiling stm32l4xx_hal_gfxmmu.c...
compiling stm32l4xx_hal_cortex.c...
compiling OSWrappers.cpp...
compiling stm32l4xx_hal_exti.c...
compiling app_touchgfx.c...
compiling stm32l4xx_hal_ltdc_ex.c...
compiling stm32l4xx_hal_dsi.c...
compiling croutine.c...
compiling event_groups.c...
compiling stm32l4xx_hal_smbus_ex.c...
compiling list.c...
compiling stm32l4xx_hal_ltdc.c...
compiling queue.c...
compiling stream_buffer.c...
compiling stm32l4xx_hal_smbus.c...
compiling timers.c...
compiling heap_4.c...
compiling Model.cpp...
compiling tasks.c...
compiling port.c...
compiling FrontendApplication.cpp...
compiling stm32l4xx_hal_ospi.c...
compiling ApplicationFontProvider.cpp...
compiling screenPresenter.cpp...
compiling screenView.cpp...
compiling BitmapDatabase.cpp...
compiling stm32l4xx_hal_wwdg.c...
compiling CachedFont.cpp...
compiling CompressedFontCache.cpp...
compiling Font_verdana_10_4bpp_0.cpp...
compiling CompressedUnmappedFontCache.cpp...
compiling Font_verdana_20_4bpp_0.cpp...
compiling Font_verdana_40_4bpp_0.cpp...
compiling Kerning_verdana_10_4bpp.cpp...
compiling FontCache.cpp...
compiling GeneratedFont.cpp...
compiling Kerning_verdana_20_4bpp.cpp...
compiling LanguageGb.cpp...
compiling Kerning_verdana_40_4bpp.cpp...
compiling FrontendApplicationBase.cpp...
compiling SVGDatabase.cpp...
compiling Table_verdana_10_4bpp.cpp...
compiling Table_verdana_20_4bpp.cpp...
compiling Table_verdana_40_4bpp.cpp...
compiling stm32l4xx_hal_uart_ex.c...
compiling screenViewBase.cpp...
compiling TypedTextDatabase.cpp...
compiling VectorFontRendererBuffers.cpp...
compiling UnmappedDataFont.cpp...
compiling Texts.cpp...
compiling TouchGFXGPIO.cpp...
compiling image_alternate_theme_images_backgrounds_800x480_rays.cpp...
compiling system_stm32l4xx.c...
compiling TouchGFXConfiguration.cpp...
compiling stm32l4xx_hal_uart.c...
compiling STM32DMA.cpp...
compiling TouchGFXGeneratedHAL.cpp...
compiling cmsis_os2.c...
linking...
code_full\code_full.axf: Warning: L6989W: Could not apply patch sdcomp-29491-629360 to instruction VPOP     {d8-d12} at offset 0x174, instruction is within an IT block and is not the last instruction for cwrvectorrenderer.o(i._ZN8touchgfx29AbstractPainterLinearGradient20setGradientEndPointsEffffffRKNS_9Matrix3x3E).
Program Size: Code=90796 RO-data=773864 RW-data=312128 ZI-data=16256  
Finished: 0 information, 1 warning and 0 error messages.
FromELF: creating hex file...
"code_full\code_full.axf" - 0 Error(s), 1 Warning(s).

<h2>Software Packages used:</h2>

Package Vendor: ARM
                https://www.keil.com/pack/ARM.CMSIS.6.1.0.pack
                ARM.CMSIS.6.1.0
                CMSIS (Common Microcontroller Software Interface Standard)
   * Component: CORE Version: 6.1.0

Package Vendor: Keil
                https://www.keil.com/pack/Keil.STM32L4xx_DFP.3.0.0.pack
                Keil.STM32L4xx_DFP.3.0.0
                STMicroelectronics STM32L4 Series Device Support

<h2>Collection of Component include folders:</h2>
  ./RTE/_code_full
  C:/Users/s20di/AppData/Local/Arm/Packs/ARM/CMSIS/6.1.0/CMSIS/Core/Include

<h2>Collection of Component Files used:</h2>

   * Component: ARM::CMSIS:CORE:6.1.0
      Include file:  CMSIS/Core/Include/tz_context.h
Build Time Elapsed:  00:00:36
</pre>
</body>
</html>
